
> reporter-growth@0.1.0 verify:p4
> npm run verify:p4:governance && npm run check && npm run test:acceptance && npm run test:e2e


> reporter-growth@0.1.0 verify:p4:governance
> node scripts/verify-p4-readiness.mjs && node scripts/verify-p4-phase-gate.mjs

P4 readiness verification passed (203 checks).
P4 interview phase verification passed for IP1_serial_data_logic; worker dispatch is checked separately.

> reporter-growth@0.1.0 check
> npm run lint && npm run typecheck && npm run test && npm run build


> reporter-growth@0.1.0 lint
> eslint . --max-warnings=0


> reporter-growth@0.1.0 typecheck
> tsc -b --pretty false


> reporter-growth@0.1.0 test
> vitest run


 RUN  v3.2.7 /private/tmp/steno-p4-coordinator

 ✓ src/features/markets/index.test.tsx (4 tests) 842ms
   ✓ MarketsScreen > shows five prepared market records with record support and actions  379ms
 ✓ src/features/improvements/index.test.tsx (5 tests) 1070ms
   ✓ ImprovementsScreen > shows descriptive limits and requires a rationale before recording a decision  582ms
 ✓ src/features/reporters/index.test.tsx (4 tests) 1171ms
   ✓ ReportersScreen > filters work and opens a detail panel with local message preview  596ms
   ✓ ReportersScreen > delegates screening, follow-up, and coaching saves to actions  345ms
 ✓ src/integration/p2RecordsAndCalculations.test.ts (6 tests) 1241ms
   ✓ P2 source → calculation → EvidenceBundle reconciliation > derives every frozen LAX capacity checkpoint from cumulative source events  988ms
 ✓ src/features/programs/index.test.tsx (2 tests) 414ms
 ✓ src/data/v2.test.ts (12 tests) 2294ms
   ✓ V2 synthetic records and repository > SD06 derives varied Overview and Funnel trends from canonical records  1060ms
   ✓ V2 synthetic records and repository > D05 rejects broken outcome references, double acceptance, overlap, and invalid intervals  498ms
   ✓ V2 synthetic records and repository > D06 applies cumulative checkpoints once and keeps dependent records ordered  399ms
 ✓ src/features/markets/MarketsV2Screen.test.tsx (1 test) 322ms
   ✓ MarketsV2Screen > uses stateful controls and deterministic summary-card navigation without a growth-goal panel  321ms
 ✓ src/shell/V2AppShell.test.tsx (4 tests) 503ms
   ✓ V2AppShell > offers five controlled workspaces and preserves the supplied shared filters across navigation  410ms
 ✓ src/features/reporters/network.test.tsx (1 test) 286ms
 ✓ src/data/v2Interview.test.ts (19 tests) 2798ms
   ✓ IC07 durable injected repository > retains revision, exact note whitespace, commands and scenario clock across reconstruction  466ms
   ✓ IC07 durable injected repository > surfaces read and write failures without acknowledging or losing the prior saved state  309ms
 ✓ src/ui/index.test.tsx (2 tests) 212ms
 ✓ src/logic/capacity/index.test.ts (13 tests) 37ms
 ✓ src/ui/v2.test.tsx (2 tests) 227ms
 ✓ src/features/recruiting/index.test.tsx (2 tests) 251ms
 ✓ src/shell/AppShell.test.tsx (1 test) 388ms
   ✓ AppShell > offers exactly the three main tabs and reports market changes through its controlled callback  388ms
 ✓ src/integration/v2CommandTransaction.test.ts (3 tests) 243ms
 ✓ src/logic/network/index.test.ts (10 tests) 8ms
 ✓ src/logic/index.test.ts (6 tests) 26ms
 ✓ src/logic/recruiting/recruiting.test.ts (16 tests) 43ms
 ✓ src/logic/programs/index.test.ts (12 tests) 38ms
 ✓ src/data/index.test.ts (5 tests) 12ms
 ✓ src/logic/team/index.test.ts (5 tests) 4ms
 ✓ src/integration/v2Compatibility.test.ts (2 tests) 2ms
 ✓ src/logic/shared/invariants.test.ts (5 tests) 4ms
 ✓ src/contracts/v2/contracts.test.ts (3 tests) 2ms
 ✓ src/integration/App.test.tsx (8 tests) 8988ms
   ✓ P4 integrated V2 experience > renders all five workspaces, keeps the market across navigation, and retains the synthetic disclosure  1729ms
   ✓ P4 integrated V2 experience > uses the locked Overview composition without restoring the superseded growth-goal panel  937ms
   ✓ P4 integrated V2 experience > keeps planning, readiness, acceptance, and delivery as separate replayable checkpoints  2450ms
   ✓ P4 integrated V2 experience > opens contextual evidence, closes on Escape with focus return, and carries exact context into work  556ms
   ✓ P4 integrated V2 experience > reconciles program membership for LAX, All, and SFO without averaging percentages  483ms
   ✓ P4 integrated V2 experience > persists program commands without manufacturing operational outcomes  1059ms
   ✓ P4 integrated V2 experience > creates canonical Team work from the locked Add work form  670ms
   ✓ P4 integrated V2 experience > persists Programs notes and next steps without changing outcomes  1102ms

 Test Files  26 passed (26)
      Tests  153 passed (153)
   Start at  21:47:03
   Duration  10.34s (transform 1.09s, setup 1.29s, collect 3.76s, tests 21.43s, environment 10.92s, prepare 1.36s)


> reporter-growth@0.1.0 build
> tsc -b && vite build

vite v7.3.6 building client environment for production...
transforming...
✓ 75 modules transformed.
rendering chunks...
computing gzip size...
dist/index.html                   0.53 kB │ gzip:   0.32 kB
dist/assets/index-BhEKzEhF.css   30.39 kB │ gzip:   5.75 kB
dist/assets/index-B_0A0nnl.js   439.42 kB │ gzip: 126.56 kB
✓ built in 606ms

> reporter-growth@0.1.0 test:acceptance
> vitest run --config vite.acceptance.config.ts


 RUN  v3.2.7 /private/tmp/steno-p4-coordinator

 ✓ tests/acceptance/reporter-growth.reconciliation.test.ts (4 tests) 525ms
 ✓ tests/acceptance/reporter-growth.integration.test.tsx (5 tests) 3975ms
   ✓ P4 cross-workspace acceptance > XR01-XR08/XR31-XR36 keeps the locked shell, concise hierarchy, and source-backed Overview controls  755ms
   ✓ P4 cross-workspace acceptance > XR09-XR10/XR15-XR18/XR37 exercises Funnel controls, notes, SLA isolation, evidence, and focus return  1085ms
   ✓ P4 cross-workspace acceptance > XR11/XR15/XR17/XR38 preserves market scope and exposes reporter readiness, compliance, and bounded follow-up  605ms
   ✓ P4 cross-workspace acceptance > XR12/XR17/XR39 creates Team work through the real form and retains the required board semantics  716ms
   ✓ P4 cross-workspace acceptance > XR13/XR15-XR18/XR40 keeps Programs results, filters, target-met evidence, and text persistence source-safe  814ms

 Test Files  2 passed (2)
      Tests  9 passed (9)
   Start at  21:47:17
   Duration  4.70s (transform 263ms, setup 71ms, collect 450ms, tests 4.50s, environment 488ms, prepare 80ms)


> reporter-growth@0.1.0 test:e2e
> npm run build && playwright test --config=playwright.config.mjs


> reporter-growth@0.1.0 build
> tsc -b && vite build

vite v7.3.6 building client environment for production...
transforming...
✓ 75 modules transformed.
rendering chunks...
computing gzip size...
dist/index.html                   0.53 kB │ gzip:   0.32 kB
dist/assets/index-BhEKzEhF.css   30.39 kB │ gzip:   5.75 kB
dist/assets/index-B_0A0nnl.js   439.42 kB │ gzip: 126.56 kB
✓ built in 587ms

Running 8 tests using 2 workers

(node:89960) Warning: The 'NO_COLOR' env is ignored due to the 'FORCE_COLOR' env being set.
(Use `node --trace-warnings ...` to show where the warning was created)
(node:89961) Warning: The 'NO_COLOR' env is ignored due to the 'FORCE_COLOR' env being set.
(Use `node --trace-warnings ...` to show where the warning was created)
  ✓  2 [desktop] › tests/e2e/reporter-growth.browser.spec.ts:27:3 › P4 browser acceptance › XR01-XR08/XR22 keeps every workspace reachable without page overflow at the active viewport (1.0s)
  ✓  1 [mobile] › tests/e2e/reporter-growth.browser.spec.ts:27:3 › P4 browser acceptance › XR01-XR08/XR22 keeps every workspace reachable without page overflow at the active viewport (1.1s)
  ✓  3 [desktop] › tests/e2e/reporter-growth.browser.spec.ts:39:3 › P4 browser acceptance › XR09-XR10/XR15/XR37 changes Funnel range, status, filters, and a market-specific SLA without lifecycle leakage (912ms)
  ✓  4 [mobile] › tests/e2e/reporter-growth.browser.spec.ts:39:3 › P4 browser acceptance › XR09-XR10/XR15/XR37 changes Funnel range, status, filters, and a market-specific SLA without lifecycle leakage (881ms)
  ✓  5 [desktop] › tests/e2e/reporter-growth.browser.spec.ts:63:3 › P4 browser acceptance › XR16/XR19-XR25 keeps the evidence drawer keyboard-operable and full-screen at 390px (516ms)
  ✓  6 [mobile] › tests/e2e/reporter-growth.browser.spec.ts:63:3 › P4 browser acceptance › XR16/XR19-XR25 keeps the evidence drawer keyboard-operable and full-screen at 390px (525ms)
  ✓  7 [desktop] › tests/e2e/reporter-growth.browser.spec.ts:81:3 › P4 browser acceptance › XR11-XR13/XR17/XR38-XR40 performs reporter, Team, and Programs working actions (1.3s)
  ✓  8 [mobile] › tests/e2e/reporter-growth.browser.spec.ts:81:3 › P4 browser acceptance › XR11-XR13/XR17/XR38-XR40 performs reporter, Team, and Programs working actions (1.3s)

  8 passed (4.6s)
