
> reporter-growth@0.1.0 verify:p4
> npm run verify:p4:governance && npm run check && npm run test:acceptance && npm run test:e2e


> reporter-growth@0.1.0 verify:p4:governance
> node scripts/verify-p4-readiness.mjs && node scripts/verify-p4-phase-gate.mjs

P4 readiness verification passed (203 checks).
P4 interview phase verification passed for IP1_serial_data_logic; worker dispatch is checked separately.

> reporter-growth@0.1.0 check
> npm run lint && npm run typecheck && npm run test && npm run build


> reporter-growth@0.1.0 lint
> eslint . --max-warnings=0


> reporter-growth@0.1.0 typecheck
> tsc -b --pretty false


> reporter-growth@0.1.0 test
> vitest run


 RUN  v3.2.7 /private/tmp/steno-p4-coordinator

 ✓ src/logic/capacity/index.test.ts (13 tests) 34ms
 ✓ src/features/markets/index.test.tsx (4 tests) 1425ms
   ✓ MarketsScreen > shows five prepared market records with record support and actions  636ms
   ✓ MarketsScreen > delegates a hypothetical plan preview and saves the edited draft without changing actuals  452ms
 ✓ src/integration/p2RecordsAndCalculations.test.ts (6 tests) 1920ms
   ✓ P2 source → calculation → EvidenceBundle reconciliation > derives every frozen LAX capacity checkpoint from cumulative source events  1512ms
 ✓ src/features/reporters/index.test.tsx (4 tests) 1518ms
   ✓ ReportersScreen > filters work and opens a detail panel with local message preview  605ms
   ✓ ReportersScreen > delegates screening, follow-up, and coaching saves to actions  702ms
 ✓ src/data/v2.test.ts (12 tests) 3624ms
   ✓ V2 synthetic records and repository > SD06 derives varied Overview and Funnel trends from canonical records  1483ms
   ✓ V2 synthetic records and repository > D05 rejects broken outcome references, double acceptance, overlap, and invalid intervals  939ms
   ✓ V2 synthetic records and repository > D06 applies cumulative checkpoints once and keeps dependent records ordered  505ms
   ✓ V2 synthetic records and repository > D06 repository isolates mutations, rejects stale saves, and resets all state  425ms
 ✓ src/features/programs/index.test.tsx (2 tests) 786ms
   ✓ ProgramsScreen > filters prepared rows and saves note text through the canonical callback  467ms
   ✓ ProgramsScreen > opens the Results view and routes the selected record through shared evidence  311ms
 ✓ src/data/v2Interview.test.ts (19 tests) 4367ms
   ✓ IC07 durable injected repository > retains revision, exact note whitespace, commands and scenario clock across reconstruction  681ms
   ✓ IC07 durable injected repository > rejects cross-instance stale saves and permits a fresh reload  443ms
   ✓ IC07 durable injected repository > preserves incompatible/invalid bytes until explicit namespace reset (4)  417ms
   ✓ IC07 durable injected repository > resets clock, commands, edits and scenario deterministically in the injected namespace only  612ms
 ✓ src/features/improvements/index.test.tsx (5 tests) 1757ms
   ✓ ImprovementsScreen > shows descriptive limits and requires a rationale before recording a decision  998ms
   ✓ ImprovementsScreen > creates an editable draft only for a recorded Continue decision  375ms
   ✓ ImprovementsScreen > keeps edits to an existing process draft and sends them through the update action  310ms
 ✓ src/shell/V2AppShell.test.tsx (4 tests) 878ms
   ✓ V2AppShell > offers five controlled workspaces and preserves the supplied shared filters across navigation  709ms
 ✓ src/integration/v2CommandTransaction.test.ts (3 tests) 698ms
   ✓ single-repository command transactions > does not acknowledge a failed write or mutate the repository through a rejected handler  369ms
 ✓ src/features/reporters/network.test.tsx (1 test) 630ms
   ✓ ReportersNetworkScreen > changes the visible grid scope and uses prepared attention and compliance  629ms
 ✓ src/features/recruiting/index.test.tsx (2 tests) 618ms
   ✓ RecruitingScreen > renders concise Funnel values and preserves unknown wait-time gaps  484ms
 ✓ src/features/markets/MarketsV2Screen.test.tsx (1 test) 592ms
   ✓ MarketsV2Screen > uses stateful controls and deterministic summary-card navigation without a growth-goal panel  590ms
 ✓ src/ui/v2.test.tsx (2 tests) 378ms
   ✓ v2 evidence and state primitives > makes the prepared calculation and human-readable source records available before exact navigation  366ms
 ✓ src/shell/AppShell.test.tsx (1 test) 321ms
   ✓ AppShell > offers exactly the three main tabs and reports market changes through its controlled callback  320ms
 ✓ src/logic/network/index.test.ts (10 tests) 7ms
 ✓ src/logic/programs/index.test.ts (12 tests) 94ms
 ✓ src/ui/index.test.tsx (2 tests) 301ms
 ✓ src/data/index.test.ts (5 tests) 17ms
 ✓ src/logic/index.test.ts (6 tests) 30ms
 ✓ src/logic/team/index.test.ts (5 tests) 15ms
 ✓ src/contracts/v2/contracts.test.ts (3 tests) 2ms
 ✓ src/logic/recruiting/recruiting.test.ts (16 tests) 13ms
 ✓ src/integration/v2Persistence.test.tsx (4 tests) 8798ms
   ✓ V2 browser storage integration > keeps a market selection open to all canonical requests in its scheduling window  2085ms
   ✓ V2 browser storage integration > reloads saved work and the scenario clock on remount, then explicitly restores the seed  5887ms
   ✓ V2 browser storage integration > preserves malformed bytes and unrelated data until explicit namespace reset  713ms
 ✓ src/logic/shared/invariants.test.ts (6 tests) 6ms
 ✓ src/integration/v2Compatibility.test.ts (2 tests) 2ms
 ✓ src/integration/App.test.tsx (8 tests) 13894ms
   ✓ P4 integrated V2 experience > renders all five workspaces, keeps the market across navigation, and retains the synthetic disclosure  2899ms
   ✓ P4 integrated V2 experience > uses the locked Overview composition without restoring the superseded growth-goal panel  2127ms
   ✓ P4 integrated V2 experience > keeps planning, readiness, acceptance, and delivery as separate replayable checkpoints  4411ms
   ✓ P4 integrated V2 experience > opens contextual evidence, closes on Escape with focus return, and carries exact context into work  592ms
   ✓ P4 integrated V2 experience > reconciles program membership for LAX, All, and SFO without averaging percentages  602ms
   ✓ P4 integrated V2 experience > persists program commands without manufacturing operational outcomes  1376ms
   ✓ P4 integrated V2 experience > creates canonical Team work from the locked Add work form  690ms
   ✓ P4 integrated V2 experience > persists Programs notes and next steps without changing outcomes  1195ms

 Test Files  27 passed (27)
      Tests  158 passed (158)
   Start at  22:06:49
   Duration  15.43s (transform 1.55s, setup 2.30s, collect 6.21s, tests 42.72s, environment 17.04s, prepare 2.10s)


> reporter-growth@0.1.0 build
> tsc -b && vite build

vite v7.3.6 building client environment for production...
transforming...
✓ 76 modules transformed.
rendering chunks...
computing gzip size...
dist/index.html                   0.53 kB │ gzip:   0.33 kB
dist/assets/index-BhEKzEhF.css   30.39 kB │ gzip:   5.75 kB
dist/assets/index-CkbyZGQD.js   439.55 kB │ gzip: 126.61 kB
✓ built in 709ms

> reporter-growth@0.1.0 test:acceptance
> vitest run --config vite.acceptance.config.ts


 RUN  v3.2.7 /private/tmp/steno-p4-coordinator

 ✓ tests/acceptance/reporter-growth.reconciliation.test.ts (4 tests) 507ms
 ✓ tests/acceptance/reporter-growth.integration.test.tsx (5 tests) 4127ms
   ✓ P4 cross-workspace acceptance > XR01-XR08/XR31-XR36 keeps the locked shell, concise hierarchy, and source-backed Overview controls  750ms
   ✓ P4 cross-workspace acceptance > XR09-XR10/XR15-XR18/XR37 exercises Funnel controls, notes, SLA isolation, evidence, and focus return  1135ms
   ✓ P4 cross-workspace acceptance > XR11/XR15/XR17/XR38 preserves market scope and exposes reporter readiness, compliance, and bounded follow-up  633ms
   ✓ P4 cross-workspace acceptance > XR12/XR17/XR39 creates Team work through the real form and retains the required board semantics  719ms
   ✓ P4 cross-workspace acceptance > XR13/XR15-XR18/XR40 keeps Programs results, filters, target-met evidence, and text persistence source-safe  890ms

 Test Files  2 passed (2)
      Tests  9 passed (9)
   Start at  22:07:09
   Duration  4.92s (transform 241ms, setup 126ms, collect 428ms, tests 4.63s, environment 591ms, prepare 104ms)


> reporter-growth@0.1.0 test:e2e
> npm run build && playwright test --config=playwright.config.mjs


> reporter-growth@0.1.0 build
> tsc -b && vite build

vite v7.3.6 building client environment for production...
transforming...
✓ 76 modules transformed.
rendering chunks...
computing gzip size...
dist/index.html                   0.53 kB │ gzip:   0.33 kB
dist/assets/index-BhEKzEhF.css   30.39 kB │ gzip:   5.75 kB
dist/assets/index-CkbyZGQD.js   439.55 kB │ gzip: 126.61 kB
✓ built in 568ms

Running 8 tests using 2 workers

(node:6873) Warning: The 'NO_COLOR' env is ignored due to the 'FORCE_COLOR' env being set.
(Use `node --trace-warnings ...` to show where the warning was created)
(node:6874) Warning: The 'NO_COLOR' env is ignored due to the 'FORCE_COLOR' env being set.
(Use `node --trace-warnings ...` to show where the warning was created)
  ✓  1 [mobile] › tests/e2e/reporter-growth.browser.spec.ts:27:3 › P4 browser acceptance › XR01-XR08/XR22 keeps every workspace reachable without page overflow at the active viewport (1.3s)
  ✓  2 [desktop] › tests/e2e/reporter-growth.browser.spec.ts:27:3 › P4 browser acceptance › XR01-XR08/XR22 keeps every workspace reachable without page overflow at the active viewport (1.3s)
  ✓  4 [desktop] › tests/e2e/reporter-growth.browser.spec.ts:39:3 › P4 browser acceptance › XR09-XR10/XR15/XR37 changes Funnel range, status, filters, and a market-specific SLA without lifecycle leakage (988ms)
  ✓  3 [mobile] › tests/e2e/reporter-growth.browser.spec.ts:39:3 › P4 browser acceptance › XR09-XR10/XR15/XR37 changes Funnel range, status, filters, and a market-specific SLA without lifecycle leakage (1.0s)
  ✓  5 [desktop] › tests/e2e/reporter-growth.browser.spec.ts:63:3 › P4 browser acceptance › XR16/XR19-XR25 keeps the evidence drawer keyboard-operable and full-screen at 390px (582ms)
  ✓  6 [mobile] › tests/e2e/reporter-growth.browser.spec.ts:63:3 › P4 browser acceptance › XR16/XR19-XR25 keeps the evidence drawer keyboard-operable and full-screen at 390px (574ms)
  ✓  7 [desktop] › tests/e2e/reporter-growth.browser.spec.ts:81:3 › P4 browser acceptance › XR11-XR13/XR17/XR38-XR40 performs reporter, Team, and Programs working actions (1.6s)
  ✓  8 [mobile] › tests/e2e/reporter-growth.browser.spec.ts:81:3 › P4 browser acceptance › XR11-XR13/XR17/XR38-XR40 performs reporter, Team, and Programs working actions (1.7s)

  8 passed (5.5s)
