
> reporter-growth@0.1.0 verify:p4
> npm run verify:p4:governance && npm run check && npm run test:acceptance && npm run test:e2e


> reporter-growth@0.1.0 verify:p4:governance
> node scripts/verify-p4-readiness.mjs && node scripts/verify-p4-phase-gate.mjs

P4 readiness verification passed (203 checks).
P4 interview phase verification passed for IP1_serial_data_logic; worker dispatch is checked separately.

> reporter-growth@0.1.0 check
> npm run lint && npm run typecheck && npm run test && npm run build


> reporter-growth@0.1.0 lint
> eslint . --max-warnings=0


> reporter-growth@0.1.0 typecheck
> tsc -b --pretty false


> reporter-growth@0.1.0 test
> vitest run


 RUN  v3.2.7 /private/tmp/steno-p4-coordinator

 ✓ src/features/reporters/index.test.tsx (4 tests) 1658ms
   ✓ ReportersScreen > filters work and opens a detail panel with local message preview  829ms
   ✓ ReportersScreen > delegates screening, follow-up, and coaching saves to actions  571ms
 ✓ src/data/v2.test.ts (12 tests) 2812ms
   ✓ V2 synthetic records and repository > SD06 derives varied Overview and Funnel trends from canonical records  951ms
   ✓ V2 synthetic records and repository > D05 rejects broken outcome references, double acceptance, overlap, and invalid intervals  793ms
   ✓ V2 synthetic records and repository > D06 applies cumulative checkpoints once and keeps dependent records ordered  678ms
 ✓ src/logic/recruiting/recruiting.seed.test.ts (3 tests) 2859ms
   ✓ IC02 frozen seed integration > keeps every market independent and All the exact union of current inventory  322ms
   ✓ IC02 frozen seed integration > filters Maya's actual seeded responsibilities by member ID and each waiting condition by key  2082ms
   ✓ IC02 frozen seed integration > declares mature and observing populations for both explicit entry windows  453ms
 ✓ src/integration/p2RecordsAndCalculations.test.ts (6 tests) 1209ms
   ✓ P2 source → calculation → EvidenceBundle reconciliation > derives every frozen LAX capacity checkpoint from cumulative source events  912ms
 ✓ src/logic/capacity/index.test.ts (30 tests) 4431ms
   ✓ IC01 scheduling-window prepared facts > reconciles all five markets to the same explicit window under conjunctive filters  1024ms
   ✓ IC01 scheduling-window prepared facts > retains LAX 10/6/4 anchors through planning, readiness, acceptance and completed-plan checkpoints  1361ms
   ✓ IC01 scheduling-window prepared facts > preserves a saved goal scope in All and market views, and does not let target edits or unavailability erase readiness  578ms
   ✓ IC01 coordinator review repairs > keeps all Capacity evidence units equal to frozen definitions and uses the M02 numerator for confirmed slots  1056ms
 ✓ src/features/markets/index.test.tsx (4 tests) 684ms
 ✓ src/features/improvements/index.test.tsx (5 tests) 887ms
   ✓ ImprovementsScreen > shows descriptive limits and requires a rationale before recording a decision  475ms
 ✓ src/data/v2Interview.test.ts (31 tests) 5062ms
   ✓ IC07 durable injected repository > retains revision, exact note whitespace, commands and scenario clock across reconstruction  586ms
   ✓ IC07 durable injected repository > preserves incompatible/invalid bytes until explicit namespace reset (5)  329ms
   ✓ IC07 durable injected repository > surfaces read and write failures without acknowledging or losing the prior saved state  323ms
   ✓ IC07 durable injected repository > rejects record corruption and rewrites of saved work/replay history  310ms
   ✓ IC07 required work history values > rejects a missing previous dueAt on load and preserves bytes until explicit reset  313ms
   ✓ IC07 required work history values > rejects a missing previous blockerCode on load and preserves bytes until explicit reset  303ms
 ✓ src/logic/network/index.test.ts (41 tests) 437ms
 ✓ src/features/programs/index.test.tsx (2 tests) 329ms
 ✓ src/integration/v2Overview.test.ts (2 tests) 432ms
 ✓ src/shell/V2AppShell.test.tsx (4 tests) 360ms
 ✓ src/integration/v2CommandTransaction.test.ts (3 tests) 248ms
 ✓ src/features/reporters/network.test.tsx (1 test) 231ms
 ✓ src/ui/v2.test.tsx (2 tests) 252ms
 ✓ src/features/recruiting/index.test.tsx (2 tests) 252ms
 ✓ src/features/markets/MarketsV2Screen.test.tsx (1 test) 300ms
 ✓ src/ui/index.test.tsx (2 tests) 185ms
 ✓ src/integration/v2Persistence.test.tsx (5 tests) 6560ms
   ✓ V2 browser storage integration > opens a reporter's exact recruiting market instead of reusing the service-market filter  2406ms
   ✓ V2 browser storage integration > keeps a market selection open to all canonical requests in its scheduling window  913ms
   ✓ V2 browser storage integration > reloads saved work and the scenario clock on remount, then explicitly restores the seed  2577ms
   ✓ V2 browser storage integration > preserves malformed bytes and unrelated data until explicit namespace reset  540ms
 ✓ src/logic/recruiting/recruiting.test.ts (29 tests) 37ms
 ✓ src/shell/AppShell.test.tsx (1 test) 207ms
 ✓ src/logic/programs/index.test.ts (12 tests) 35ms
 ✓ src/integration/v2ProgramComposition.test.ts (2 tests) 245ms
 ✓ src/logic/index.test.ts (6 tests) 29ms
 ✓ src/logic/team/index.test.ts (5 tests) 8ms
 ✓ src/data/index.test.ts (5 tests) 17ms
 ✓ src/contracts/v2/contracts.test.ts (3 tests) 2ms
 ✓ src/logic/shared/work.test.ts (2 tests) 2ms
 ✓ src/logic/shared/invariants.test.ts (6 tests) 4ms
 ✓ src/integration/v2Compatibility.test.ts (2 tests) 1ms
 ✓ src/integration/App.test.tsx (8 tests) 11913ms
   ✓ P4 integrated V2 experience > renders all five workspaces, keeps the market across navigation, and retains the synthetic disclosure  2575ms
   ✓ P4 integrated V2 experience > uses the locked Overview composition without restoring the superseded growth-goal panel  985ms
   ✓ P4 integrated V2 experience > keeps planning, readiness, acceptance, and delivery as separate replayable checkpoints  3643ms
   ✓ P4 integrated V2 experience > opens contextual evidence, closes on Escape with focus return, and carries exact context into work  674ms
   ✓ P4 integrated V2 experience > reconciles program membership for LAX, All, and SFO without averaging percentages  524ms
   ✓ P4 integrated V2 experience > persists program commands without manufacturing operational outcomes  1150ms
   ✓ P4 integrated V2 experience > creates canonical Team work from the locked Add work form  694ms
   ✓ P4 integrated V2 experience > persists Programs notes and next steps without changing outcomes  1664ms

 Test Files  31 passed (31)
      Tests  241 passed (241)
   Start at  23:13:13
   Duration  13.58s (transform 1.29s, setup 1.57s, collect 4.92s, tests 41.69s, environment 12.90s, prepare 1.56s)


> reporter-growth@0.1.0 build
> tsc -b && vite build

vite v7.3.6 building client environment for production...
transforming...
✓ 86 modules transformed.
rendering chunks...
computing gzip size...
dist/index.html                   0.53 kB │ gzip:   0.33 kB
dist/assets/index-BhEKzEhF.css   30.39 kB │ gzip:   5.75 kB
dist/assets/index-CTX0uWLw.js   463.12 kB │ gzip: 133.25 kB
✓ built in 625ms

> reporter-growth@0.1.0 test:acceptance
> vitest run --config vite.acceptance.config.ts


 RUN  v3.2.7 /private/tmp/steno-p4-coordinator

 ✓ tests/acceptance/reporter-growth.reconciliation.test.ts (4 tests) 538ms
 ✓ tests/acceptance/reporter-growth.integration.test.tsx (5 tests) 4082ms
   ✓ P4 cross-workspace acceptance > XR01-XR08/XR31-XR36 keeps the locked shell, concise hierarchy, and source-backed Overview controls  813ms
   ✓ P4 cross-workspace acceptance > XR09-XR10/XR15-XR18/XR37 exercises Funnel controls, notes, SLA isolation, evidence, and focus return  1061ms
   ✓ P4 cross-workspace acceptance > XR11/XR15/XR17/XR38 preserves market scope and exposes reporter readiness, compliance, and bounded follow-up  640ms
   ✓ P4 cross-workspace acceptance > XR12/XR17/XR39 creates Team work through the real form and retains the required board semantics  703ms
   ✓ P4 cross-workspace acceptance > XR13/XR15-XR18/XR40 keeps Programs results, filters, target-met evidence, and text persistence source-safe  865ms

 Test Files  2 passed (2)
      Tests  9 passed (9)
   Start at  23:13:30
   Duration  4.92s (transform 349ms, setup 66ms, collect 634ms, tests 4.62s, environment 486ms, prepare 82ms)


> reporter-growth@0.1.0 test:e2e
> npm run build && playwright test --config=playwright.config.mjs


> reporter-growth@0.1.0 build
> tsc -b && vite build

vite v7.3.6 building client environment for production...
transforming...
✓ 86 modules transformed.
rendering chunks...
computing gzip size...
dist/index.html                   0.53 kB │ gzip:   0.33 kB
dist/assets/index-BhEKzEhF.css   30.39 kB │ gzip:   5.75 kB
dist/assets/index-CTX0uWLw.js   463.12 kB │ gzip: 133.25 kB
✓ built in 577ms

Running 8 tests using 2 workers

(node:43807) Warning: The 'NO_COLOR' env is ignored due to the 'FORCE_COLOR' env being set.
(Use `node --trace-warnings ...` to show where the warning was created)
(node:43806) Warning: The 'NO_COLOR' env is ignored due to the 'FORCE_COLOR' env being set.
(Use `node --trace-warnings ...` to show where the warning was created)
  ✓  2 [desktop] › tests/e2e/reporter-growth.browser.spec.ts:27:3 › P4 browser acceptance › XR01-XR08/XR22 keeps every workspace reachable without page overflow at the active viewport (1.0s)
  ✓  1 [mobile] › tests/e2e/reporter-growth.browser.spec.ts:27:3 › P4 browser acceptance › XR01-XR08/XR22 keeps every workspace reachable without page overflow at the active viewport (1.0s)
  ✓  4 [desktop] › tests/e2e/reporter-growth.browser.spec.ts:39:3 › P4 browser acceptance › XR09-XR10/XR15/XR37 changes Funnel range, status, filters, and a market-specific SLA without lifecycle leakage (883ms)
  ✓  3 [mobile] › tests/e2e/reporter-growth.browser.spec.ts:39:3 › P4 browser acceptance › XR09-XR10/XR15/XR37 changes Funnel range, status, filters, and a market-specific SLA without lifecycle leakage (892ms)
  ✓  5 [desktop] › tests/e2e/reporter-growth.browser.spec.ts:63:3 › P4 browser acceptance › XR16/XR19-XR25 keeps the evidence drawer keyboard-operable and full-screen at 390px (518ms)
  ✓  6 [mobile] › tests/e2e/reporter-growth.browser.spec.ts:63:3 › P4 browser acceptance › XR16/XR19-XR25 keeps the evidence drawer keyboard-operable and full-screen at 390px (535ms)
  ✓  7 [desktop] › tests/e2e/reporter-growth.browser.spec.ts:81:3 › P4 browser acceptance › XR11-XR13/XR17/XR38-XR40 performs reporter, Team, and Programs working actions (1.1s)
  ✓  8 [mobile] › tests/e2e/reporter-growth.browser.spec.ts:81:3 › P4 browser acceptance › XR11-XR13/XR17/XR38-XR40 performs reporter, Team, and Programs working actions (1.2s)

  8 passed (4.6s)
