
> reporter-growth@0.1.0 verify:p4
> npm run verify:p4:governance && npm run check && npm run test:acceptance && npm run test:e2e


> reporter-growth@0.1.0 verify:p4:governance
> node scripts/verify-p4-readiness.mjs && node scripts/verify-p4-phase-gate.mjs

P4 readiness verification passed (203 checks).
P4 interview phase verification passed for IP1_serial_data_logic; worker dispatch is checked separately.

> reporter-growth@0.1.0 check
> npm run lint && npm run typecheck && npm run test && npm run build


> reporter-growth@0.1.0 lint
> eslint . --max-warnings=0


> reporter-growth@0.1.0 typecheck
> tsc -b --pretty false


> reporter-growth@0.1.0 test
> vitest run


 RUN  v3.2.7 /private/tmp/steno-p4-coordinator

 ✓ src/integration/p2RecordsAndCalculations.test.ts (6 tests) 1538ms
   ✓ P2 source → calculation → EvidenceBundle reconciliation > derives every frozen LAX capacity checkpoint from cumulative source events  927ms
 ✓ src/integration/v2WeeklyReview.test.ts (6 tests) 1684ms
   ✓ weekly Team composition > withholds whole-member targets for a market subset and preserves actual coaching review dates  449ms
 ✓ src/logic/capacity/index.test.ts (30 tests) 3942ms
   ✓ IC01 scheduling-window prepared facts > reconciles all five markets to the same explicit window under conjunctive filters  890ms
   ✓ IC01 scheduling-window prepared facts > retains LAX 10/6/4 anchors through planning, readiness, acceptance and completed-plan checkpoints  1047ms
   ✓ IC01 scheduling-window prepared facts > preserves a saved goal scope in All and market views, and does not let target edits or unavailability erase readiness  553ms
   ✓ IC01 coordinator review repairs > keeps all Capacity evidence units equal to frozen definitions and uses the M02 numerator for confirmed slots  982ms
 ✓ src/logic/recruiting/recruiting.seed.test.ts (3 tests) 1846ms
   ✓ IC02 frozen seed integration > keeps every market independent and All the exact union of current inventory  376ms
   ✓ IC02 frozen seed integration > filters Maya's actual seeded responsibilities by member ID and each waiting condition by key  1099ms
   ✓ IC02 frozen seed integration > declares mature and observing populations for both explicit entry windows  370ms
 ✓ src/data/v2.test.ts (12 tests) 1959ms
   ✓ V2 synthetic records and repository > SD06 derives varied Overview and Funnel trends from canonical records  780ms
   ✓ V2 synthetic records and repository > D05 rejects broken outcome references, double acceptance, overlap, and invalid intervals  454ms
   ✓ V2 synthetic records and repository > D06 applies cumulative checkpoints once and keeps dependent records ordered  340ms
 ✓ src/data/v2Interview.test.ts (31 tests) 4278ms
   ✓ IC07 durable injected repository > retains revision, exact note whitespace, commands and scenario clock across reconstruction  381ms
 ✓ src/logic/team/interview.test.ts (24 tests) 4789ms
   ✓ IC03 pure Team commands > keeps unlinked sourcing/program work explicitly self-linked and unscoped  394ms
   ✓ IC03 pure Team commands > keeps Blocked orthogonal to Todo/In progress, including initially blocked work and clearing  685ms
   ✓ Team prepared scope, inspection and weekly review > prepares equal-duration completed-week counts/delta and source event IDs without current-day leakage  404ms
   ✓ Team composition through the single repository > persists Team edits, reloads them, replays once, rejects stale commands and resets the seed  353ms
   ✓ Team composition through the single repository > persists target, inspection, coaching and explicit completion with their original records intact  306ms
 ✓ src/integration/v2Overview.test.ts (2 tests) 489ms
 ✓ src/features/markets/index.test.tsx (4 tests) 647ms
 ✓ src/features/reporters/index.test.tsx (4 tests) 983ms
   ✓ ReportersScreen > filters work and opens a detail panel with local message preview  512ms
 ✓ src/features/improvements/index.test.tsx (5 tests) 832ms
   ✓ ImprovementsScreen > shows descriptive limits and requires a rationale before recording a decision  458ms
 ✓ src/logic/network/index.test.ts (41 tests) 446ms
 ✓ src/shell/V2AppShell.test.tsx (4 tests) 320ms
 ✓ src/integration/v2CommandTransaction.test.ts (3 tests) 289ms
 ✓ src/features/markets/MarketsV2Screen.test.tsx (1 test) 233ms
 ✓ src/features/programs/index.test.tsx (2 tests) 350ms
 ✓ src/features/recruiting/index.test.tsx (2 tests) 304ms
 ✓ src/ui/v2.test.tsx (2 tests) 271ms
 ✓ src/shell/AppShell.test.tsx (1 test) 206ms
 ✓ src/integration/v2Persistence.test.tsx (5 tests) 7110ms
   ✓ V2 browser storage integration > opens a reporter's exact recruiting market instead of reusing the service-market filter  1977ms
   ✓ V2 browser storage integration > keeps a market selection open to all canonical requests in its scheduling window  1024ms
   ✓ V2 browser storage integration > reloads saved work and the scenario clock on remount, then explicitly restores the seed  3252ms
   ✓ V2 browser storage integration > preserves malformed bytes and unrelated data until explicit namespace reset  708ms
 ✓ src/features/reporters/network.test.tsx (1 test) 276ms
 ✓ src/ui/index.test.tsx (2 tests) 229ms
 ✓ src/integration/v2ProgramComposition.test.ts (2 tests) 225ms
 ✓ src/logic/index.test.ts (6 tests) 24ms
 ✓ src/logic/recruiting/recruiting.test.ts (29 tests) 38ms
 ✓ src/data/index.test.ts (5 tests) 10ms
 ✓ src/logic/shared/invariants.test.ts (6 tests) 4ms
 ✓ src/logic/programs/index.test.ts (12 tests) 35ms
 ✓ src/logic/team/index.test.ts (5 tests) 8ms
 ✓ src/logic/shared/work.test.ts (2 tests) 2ms
 ✓ src/contracts/v2/contracts.test.ts (3 tests) 2ms
 ✓ src/integration/v2Compatibility.test.ts (2 tests) 2ms
 ✓ src/integration/App.test.tsx (8 tests) 13153ms
   ✓ P4 integrated V2 experience > renders all five workspaces, keeps the market across navigation, and retains the synthetic disclosure  2278ms
   ✓ P4 integrated V2 experience > uses the locked Overview composition without restoring the superseded growth-goal panel  1094ms
   ✓ P4 integrated V2 experience > keeps planning, readiness, acceptance, and delivery as separate replayable checkpoints  4479ms
   ✓ P4 integrated V2 experience > opens contextual evidence, closes on Escape with focus return, and carries exact context into work  900ms
   ✓ P4 integrated V2 experience > reconciles program membership for LAX, All, and SFO without averaging percentages  624ms
   ✓ P4 integrated V2 experience > persists program commands without manufacturing operational outcomes  1426ms
   ✓ P4 integrated V2 experience > creates canonical Team work from the locked Add work form  998ms
   ✓ P4 integrated V2 experience > persists Programs notes and next steps without changing outcomes  1353ms

 Test Files  33 passed (33)
      Tests  271 passed (271)
   Start at  23:47:31
   Duration  15.05s (transform 1.38s, setup 1.73s, collect 5.37s, tests 46.52s, environment 14.06s, prepare 1.83s)


> reporter-growth@0.1.0 build
> tsc -b && vite build

vite v7.3.6 building client environment for production...
transforming...
✓ 91 modules transformed.
rendering chunks...
computing gzip size...
dist/index.html                   0.53 kB │ gzip:   0.33 kB
dist/assets/index-BhEKzEhF.css   30.39 kB │ gzip:   5.75 kB
dist/assets/index-fFS9ZwrU.js   491.17 kB │ gzip: 141.23 kB
✓ built in 668ms

> reporter-growth@0.1.0 test:acceptance
> vitest run --config vite.acceptance.config.ts


 RUN  v3.2.7 /private/tmp/steno-p4-coordinator

 ✓ tests/acceptance/reporter-growth.reconciliation.test.ts (4 tests) 471ms
 ✓ tests/acceptance/reporter-growth.integration.test.tsx (5 tests) 4637ms
   ✓ P4 cross-workspace acceptance > XR01-XR08/XR31-XR36 keeps the locked shell, concise hierarchy, and source-backed Overview controls  825ms
   ✓ P4 cross-workspace acceptance > XR09-XR10/XR15-XR18/XR37 exercises Funnel controls, notes, SLA isolation, evidence, and focus return  1239ms
   ✓ P4 cross-workspace acceptance > XR11/XR15/XR17/XR38 preserves market scope and exposes reporter readiness, compliance, and bounded follow-up  699ms
   ✓ P4 cross-workspace acceptance > XR12/XR17/XR39 creates Team work through the real form and retains the required board semantics  843ms
   ✓ P4 cross-workspace acceptance > XR13/XR15-XR18/XR40 keeps Programs results, filters, target-met evidence, and text persistence source-safe  1030ms

 Test Files  2 passed (2)
      Tests  9 passed (9)
   Start at  23:47:50
   Duration  5.36s (transform 280ms, setup 65ms, collect 493ms, tests 5.11s, environment 479ms, prepare 72ms)


> reporter-growth@0.1.0 test:e2e
> npm run build && playwright test --config=playwright.config.mjs


> reporter-growth@0.1.0 build
> tsc -b && vite build

vite v7.3.6 building client environment for production...
transforming...
✓ 91 modules transformed.
rendering chunks...
computing gzip size...
dist/index.html                   0.53 kB │ gzip:   0.33 kB
dist/assets/index-BhEKzEhF.css   30.39 kB │ gzip:   5.75 kB
dist/assets/index-fFS9ZwrU.js   491.17 kB │ gzip: 141.23 kB
✓ built in 614ms

Running 8 tests using 2 workers

(node:62249) Warning: The 'NO_COLOR' env is ignored due to the 'FORCE_COLOR' env being set.
(Use `node --trace-warnings ...` to show where the warning was created)
(node:62248) Warning: The 'NO_COLOR' env is ignored due to the 'FORCE_COLOR' env being set.
(Use `node --trace-warnings ...` to show where the warning was created)
  ✓  2 [desktop] › tests/e2e/reporter-growth.browser.spec.ts:27:3 › P4 browser acceptance › XR01-XR08/XR22 keeps every workspace reachable without page overflow at the active viewport (959ms)
  ✓  1 [mobile] › tests/e2e/reporter-growth.browser.spec.ts:27:3 › P4 browser acceptance › XR01-XR08/XR22 keeps every workspace reachable without page overflow at the active viewport (961ms)
  ✓  4 [desktop] › tests/e2e/reporter-growth.browser.spec.ts:39:3 › P4 browser acceptance › XR09-XR10/XR15/XR37 changes Funnel range, status, filters, and a market-specific SLA without lifecycle leakage (946ms)
  ✓  3 [mobile] › tests/e2e/reporter-growth.browser.spec.ts:39:3 › P4 browser acceptance › XR09-XR10/XR15/XR37 changes Funnel range, status, filters, and a market-specific SLA without lifecycle leakage (956ms)
  ✓  5 [desktop] › tests/e2e/reporter-growth.browser.spec.ts:63:3 › P4 browser acceptance › XR16/XR19-XR25 keeps the evidence drawer keyboard-operable and full-screen at 390px (525ms)
  ✓  6 [mobile] › tests/e2e/reporter-growth.browser.spec.ts:63:3 › P4 browser acceptance › XR16/XR19-XR25 keeps the evidence drawer keyboard-operable and full-screen at 390px (540ms)
  ✓  7 [desktop] › tests/e2e/reporter-growth.browser.spec.ts:81:3 › P4 browser acceptance › XR11-XR13/XR17/XR38-XR40 performs reporter, Team, and Programs working actions (1.4s)
  ✓  8 [mobile] › tests/e2e/reporter-growth.browser.spec.ts:81:3 › P4 browser acceptance › XR11-XR13/XR17/XR38-XR40 performs reporter, Team, and Programs working actions (1.4s)

  8 passed (4.6s)
