
> reporter-growth@0.1.0 verify:p4
> npm run verify:p4:governance && npm run check && npm run test:acceptance && npm run test:e2e


> reporter-growth@0.1.0 verify:p4:governance
> node scripts/verify-p4-readiness.mjs && node scripts/verify-p4-phase-gate.mjs

P4 readiness verification passed (203 checks).
P4 interview phase verification passed for IP1_serial_data_logic; worker dispatch is checked separately.

> reporter-growth@0.1.0 check
> npm run lint && npm run typecheck && npm run test && npm run build


> reporter-growth@0.1.0 lint
> eslint . --max-warnings=0


> reporter-growth@0.1.0 typecheck
> tsc -b --pretty false


> reporter-growth@0.1.0 test
> vitest run


 RUN  v3.2.7 /private/tmp/steno-p4-coordinator

 ✓ src/logic/recruiting/recruiting.seed.test.ts (3 tests) 2403ms
   ✓ IC02 frozen seed integration > keeps every market independent and All the exact union of current inventory  406ms
   ✓ IC02 frozen seed integration > filters Maya's actual seeded responsibilities by member ID and each waiting condition by key  1697ms
 ✓ src/data/v2.test.ts (12 tests) 2447ms
   ✓ V2 synthetic records and repository > SD06 derives varied Overview and Funnel trends from canonical records  902ms
   ✓ V2 synthetic records and repository > D05 rejects broken outcome references, double acceptance, overlap, and invalid intervals  783ms
   ✓ V2 synthetic records and repository > D06 applies cumulative checkpoints once and keeps dependent records ordered  321ms
 ✓ src/features/improvements/index.test.tsx (5 tests) 910ms
   ✓ ImprovementsScreen > shows descriptive limits and requires a rationale before recording a decision  509ms
 ✓ src/data/v2Interview.test.ts (31 tests) 4512ms
   ✓ IC07 durable injected repository > retains revision, exact note whitespace, commands and scenario clock across reconstruction  447ms
   ✓ IC07 required work history values > rejects a missing previous dueAt on load and preserves bytes until explicit reset  419ms
 ✓ src/integration/p2RecordsAndCalculations.test.ts (6 tests) 1247ms
   ✓ P2 source → calculation → EvidenceBundle reconciliation > derives every frozen LAX capacity checkpoint from cumulative source events  849ms
 ✓ src/logic/capacity/index.test.ts (30 tests) 4595ms
   ✓ IC01 scheduling-window prepared facts > reconciles all five markets to the same explicit window under conjunctive filters  1044ms
   ✓ IC01 scheduling-window prepared facts > retains LAX 10/6/4 anchors through planning, readiness, acceptance and completed-plan checkpoints  1173ms
   ✓ IC01 scheduling-window prepared facts > preserves a saved goal scope in All and market views, and does not let target edits or unavailability erase readiness  645ms
   ✓ IC01 coordinator review repairs > keeps all Capacity evidence units equal to frozen definitions and uses the M02 numerator for confirmed slots  1148ms
   ✓ IC01 exact-empty queries and person destinations > honors matchNone across requests, people, series, goals and original-plan results  311ms
 ✓ src/logic/team/interview.test.ts (24 tests) 5333ms
   ✓ IC03 pure Team commands > keeps unlinked sourcing/program work explicitly self-linked and unscoped  441ms
   ✓ IC03 pure Team commands > keeps Blocked orthogonal to Todo/In progress, including initially blocked work and clearing  833ms
   ✓ Team prepared scope, inspection and weekly review > prepares exact member/domain/program/blocker filters with stable ID options and scoped versus total workload  385ms
   ✓ Team prepared scope, inspection and weekly review > prepares equal-duration completed-week counts/delta and source event IDs without current-day leakage  416ms
   ✓ Team composition through the single repository > persists Team edits, reloads them, replays once, rejects stale commands and resets the seed  323ms
 ✓ src/features/programs/index.test.tsx (2 tests) 414ms
 ✓ src/logic/network/index.test.ts (41 tests) 522ms
   ✓ Frozen sample compatibility > preserves SD01–SD07 source records and all-market distinct identities across five markets  364ms
 ✓ src/features/markets/index.test.tsx (4 tests) 782ms
   ✓ MarketsScreen > shows five prepared market records with record support and actions  331ms
 ✓ src/features/reporters/index.test.tsx (4 tests) 1052ms
   ✓ ReportersScreen > filters work and opens a detail panel with local message preview  544ms
 ✓ src/ui/index.test.tsx (2 tests) 163ms
 ✓ src/integration/v2Overview.test.ts (2 tests) 469ms
   ✓ Overview integration populations > keeps the frozen plan separate from additional current requests and delivered outcomes  308ms
 ✓ src/shell/V2AppShell.test.tsx (4 tests) 345ms
 ✓ src/features/reporters/network.test.tsx (1 test) 267ms
 ✓ src/integration/v2WeeklyReview.test.ts (6 tests) 1303ms
 ✓ src/integration/v2ProgramComposition.test.ts (2 tests) 178ms
 ✓ src/integration/v2CommandTransaction.test.ts (3 tests) 277ms
 ✓ src/features/recruiting/index.test.tsx (2 tests) 299ms
 ✓ src/ui/v2.test.tsx (2 tests) 240ms
 ✓ src/logic/recruiting/recruiting.test.ts (29 tests) 28ms
 ✓ src/integration/v2Persistence.test.tsx (5 tests) 7540ms
   ✓ V2 browser storage integration > opens a reporter's exact recruiting market instead of reusing the service-market filter  2411ms
   ✓ V2 browser storage integration > keeps a market selection open to all canonical requests in its scheduling window  1054ms
   ✓ V2 browser storage integration > reloads saved work and the scenario clock on remount, then explicitly restores the seed  3340ms
   ✓ V2 browser storage integration > preserves malformed bytes and unrelated data until explicit namespace reset  618ms
 ✓ src/logic/programs/index.test.ts (12 tests) 30ms
 ✓ src/features/markets/MarketsV2Screen.test.tsx (1 test) 256ms
 ✓ src/shell/AppShell.test.tsx (1 test) 264ms
 ✓ src/logic/index.test.ts (6 tests) 29ms
 ✓ src/logic/shared/invariants.test.ts (6 tests) 4ms
 ✓ src/logic/team/index.test.ts (5 tests) 12ms
 ✓ src/data/index.test.ts (5 tests) 13ms
 ✓ src/logic/shared/work.test.ts (2 tests) 5ms
 ✓ src/integration/v2Compatibility.test.ts (2 tests) 2ms
 ✓ src/contracts/v2/contracts.test.ts (3 tests) 2ms
 ✓ src/integration/App.test.tsx (8 tests) 12992ms
   ✓ P4 integrated V2 experience > renders all five workspaces, keeps the market across navigation, and retains the synthetic disclosure  2694ms
   ✓ P4 integrated V2 experience > uses the locked Overview composition without restoring the superseded growth-goal panel  1077ms
   ✓ P4 integrated V2 experience > keeps planning, readiness, acceptance, and delivery as separate replayable checkpoints  4273ms
   ✓ P4 integrated V2 experience > opens contextual evidence, closes on Escape with focus return, and carries exact context into work  786ms
   ✓ P4 integrated V2 experience > reconciles program membership for LAX, All, and SFO without averaging percentages  620ms
   ✓ P4 integrated V2 experience > persists program commands without manufacturing operational outcomes  1402ms
   ✓ P4 integrated V2 experience > creates canonical Team work from the locked Add work form  856ms
   ✓ P4 integrated V2 experience > persists Programs notes and next steps without changing outcomes  1284ms

 Test Files  33 passed (33)
      Tests  271 passed (271)
   Start at  23:44:54
   Duration  14.82s (transform 1.31s, setup 1.70s, collect 5.30s, tests 48.93s, environment 12.78s, prepare 1.61s)


> reporter-growth@0.1.0 build
> tsc -b && vite build

vite v7.3.6 building client environment for production...
transforming...
✓ 91 modules transformed.
rendering chunks...
computing gzip size...
dist/index.html                   0.53 kB │ gzip:   0.33 kB
dist/assets/index-BhEKzEhF.css   30.39 kB │ gzip:   5.75 kB
dist/assets/index-CuP5swqZ.js   491.14 kB │ gzip: 141.21 kB
✓ built in 616ms

> reporter-growth@0.1.0 test:acceptance
> vitest run --config vite.acceptance.config.ts


 RUN  v3.2.7 /private/tmp/steno-p4-coordinator

 ✓ tests/acceptance/reporter-growth.reconciliation.test.ts (4 tests) 453ms
 ✓ tests/acceptance/reporter-growth.integration.test.tsx (5 tests) 4634ms
   ✓ P4 cross-workspace acceptance > XR01-XR08/XR31-XR36 keeps the locked shell, concise hierarchy, and source-backed Overview controls  819ms
   ✓ P4 cross-workspace acceptance > XR09-XR10/XR15-XR18/XR37 exercises Funnel controls, notes, SLA isolation, evidence, and focus return  1259ms
   ✓ P4 cross-workspace acceptance > XR11/XR15/XR17/XR38 preserves market scope and exposes reporter readiness, compliance, and bounded follow-up  703ms
   ✓ P4 cross-workspace acceptance > XR12/XR17/XR39 creates Team work through the real form and retains the required board semantics  851ms
   ✓ P4 cross-workspace acceptance > XR13/XR15-XR18/XR40 keeps Programs results, filters, target-met evidence, and text persistence source-safe  1002ms

 Test Files  2 passed (2)
      Tests  9 passed (9)
   Start at  23:45:12
   Duration  5.31s (transform 277ms, setup 66ms, collect 461ms, tests 5.09s, environment 448ms, prepare 68ms)


> reporter-growth@0.1.0 test:e2e
> npm run build && playwright test --config=playwright.config.mjs


> reporter-growth@0.1.0 build
> tsc -b && vite build

vite v7.3.6 building client environment for production...
transforming...
✓ 91 modules transformed.
rendering chunks...
computing gzip size...
dist/index.html                   0.53 kB │ gzip:   0.33 kB
dist/assets/index-BhEKzEhF.css   30.39 kB │ gzip:   5.75 kB
dist/assets/index-CuP5swqZ.js   491.14 kB │ gzip: 141.21 kB
✓ built in 595ms

Running 8 tests using 2 workers

(node:59630) Warning: The 'NO_COLOR' env is ignored due to the 'FORCE_COLOR' env being set.
(Use `node --trace-warnings ...` to show where the warning was created)
(node:59631) Warning: The 'NO_COLOR' env is ignored due to the 'FORCE_COLOR' env being set.
(Use `node --trace-warnings ...` to show where the warning was created)
  ✓  2 [mobile] › tests/e2e/reporter-growth.browser.spec.ts:27:3 › P4 browser acceptance › XR01-XR08/XR22 keeps every workspace reachable without page overflow at the active viewport (973ms)
  ✓  1 [desktop] › tests/e2e/reporter-growth.browser.spec.ts:27:3 › P4 browser acceptance › XR01-XR08/XR22 keeps every workspace reachable without page overflow at the active viewport (973ms)
  ✓  4 [desktop] › tests/e2e/reporter-growth.browser.spec.ts:39:3 › P4 browser acceptance › XR09-XR10/XR15/XR37 changes Funnel range, status, filters, and a market-specific SLA without lifecycle leakage (939ms)
  ✓  3 [mobile] › tests/e2e/reporter-growth.browser.spec.ts:39:3 › P4 browser acceptance › XR09-XR10/XR15/XR37 changes Funnel range, status, filters, and a market-specific SLA without lifecycle leakage (952ms)
  ✓  5 [desktop] › tests/e2e/reporter-growth.browser.spec.ts:63:3 › P4 browser acceptance › XR16/XR19-XR25 keeps the evidence drawer keyboard-operable and full-screen at 390px (520ms)
  ✓  6 [mobile] › tests/e2e/reporter-growth.browser.spec.ts:63:3 › P4 browser acceptance › XR16/XR19-XR25 keeps the evidence drawer keyboard-operable and full-screen at 390px (535ms)
  ✘  8 [mobile] › tests/e2e/reporter-growth.browser.spec.ts:81:3 › P4 browser acceptance › XR11-XR13/XR17/XR38-XR40 performs reporter, Team, and Programs working actions (5.7s)
  ✘  7 [desktop] › tests/e2e/reporter-growth.browser.spec.ts:81:3 › P4 browser acceptance › XR11-XR13/XR17/XR38-XR40 performs reporter, Team, and Programs working actions (5.7s)


  1) [desktop] › tests/e2e/reporter-growth.browser.spec.ts:81:3 › P4 browser acceptance › XR11-XR13/XR17/XR38-XR40 performs reporter, Team, and Programs working actions

    Error: expect(locator).toBeVisible() failed

    Locator: getByText('Work added.')
    Expected: visible
    Timeout: 5000ms
    Error: element(s) not found

    Call log:
      - Expect "toBeVisible" getByText('Work added.') with timeout 5000ms
      - waiting for getByText('Work added.')


      93 |     await form.getByRole("combobox", { name: "Status" }).selectOption("in-progress");
      94 |     await form.getByRole("button", { name: "Add" }).click();
    > 95 |     await expect(page.getByText("Work added.")).toBeVisible();
         |                                                 ^
      96 |     await expect(page.getByRole("main", { name: "Team" })).toContainText("Browser quality work");
      97 |     await page.getByRole("navigation", { name: "Reporter Growth workspaces" }).getByRole("button", { name: "Programs", exact: true }).click();
      98 |     await expect(page.getByText("Target met")).toBeVisible();
        at /private/tmp/steno-p4-coordinator/tests/e2e/reporter-growth.browser.spec.ts:95:49

    Error Context: test-results/reporter-growth.browser-P4-2ff7e-nd-Programs-working-actions-desktop/error-context.md

    attachment #2: trace (application/zip) ─────────────────────────────────────────────────────────
    test-results/reporter-growth.browser-P4-2ff7e-nd-Programs-working-actions-desktop/trace.zip
    Usage:

        npx playwright show-trace test-results/reporter-growth.browser-P4-2ff7e-nd-Programs-working-actions-desktop/trace.zip

    ────────────────────────────────────────────────────────────────────────────────────────────────

  2) [mobile] › tests/e2e/reporter-growth.browser.spec.ts:81:3 › P4 browser acceptance › XR11-XR13/XR17/XR38-XR40 performs reporter, Team, and Programs working actions

    Error: expect(locator).toBeVisible() failed

    Locator: getByText('Work added.')
    Expected: visible
    Timeout: 5000ms
    Error: element(s) not found

    Call log:
      - Expect "toBeVisible" getByText('Work added.') with timeout 5000ms
      - waiting for getByText('Work added.')


      93 |     await form.getByRole("combobox", { name: "Status" }).selectOption("in-progress");
      94 |     await form.getByRole("button", { name: "Add" }).click();
    > 95 |     await expect(page.getByText("Work added.")).toBeVisible();
         |                                                 ^
      96 |     await expect(page.getByRole("main", { name: "Team" })).toContainText("Browser quality work");
      97 |     await page.getByRole("navigation", { name: "Reporter Growth workspaces" }).getByRole("button", { name: "Programs", exact: true }).click();
      98 |     await expect(page.getByText("Target met")).toBeVisible();
        at /private/tmp/steno-p4-coordinator/tests/e2e/reporter-growth.browser.spec.ts:95:49

    Error Context: test-results/reporter-growth.browser-P4-2ff7e-nd-Programs-working-actions-mobile/error-context.md

    attachment #2: trace (application/zip) ─────────────────────────────────────────────────────────
    test-results/reporter-growth.browser-P4-2ff7e-nd-Programs-working-actions-mobile/trace.zip
    Usage:

        npx playwright show-trace test-results/reporter-growth.browser-P4-2ff7e-nd-Programs-working-actions-mobile/trace.zip

    ────────────────────────────────────────────────────────────────────────────────────────────────

  2 failed
    [desktop] › tests/e2e/reporter-growth.browser.spec.ts:81:3 › P4 browser acceptance › XR11-XR13/XR17/XR38-XR40 performs reporter, Team, and Programs working actions
    [mobile] › tests/e2e/reporter-growth.browser.spec.ts:81:3 › P4 browser acceptance › XR11-XR13/XR17/XR38-XR40 performs reporter, Team, and Programs working actions
  6 passed (9.1s)
