
> reporter-growth@0.1.0 verify:p4
> npm run verify:p4:governance && npm run check && npm run test:acceptance && npm run test:e2e


> reporter-growth@0.1.0 verify:p4:governance
> node scripts/verify-p4-readiness.mjs && node scripts/verify-p4-phase-gate.mjs

P4 readiness verification passed (203 checks).
P4 interview phase verification passed for IP1_serial_data_logic; worker dispatch is checked separately.

> reporter-growth@0.1.0 check
> npm run lint && npm run typecheck && npm run test && npm run build


> reporter-growth@0.1.0 lint
> eslint . --max-warnings=0


> reporter-growth@0.1.0 typecheck
> tsc -b --pretty false


> reporter-growth@0.1.0 test
> vitest run


 RUN  v3.2.7 /private/tmp/steno-p4-coordinator

 ✓ src/integration/p2RecordsAndCalculations.test.ts (6 tests) 1176ms
   ✓ P2 source → calculation → EvidenceBundle reconciliation > derives every frozen LAX capacity checkpoint from cumulative source events  891ms
 ✓ src/logic/recruiting/recruiting.seed.test.ts (3 tests) 1982ms
   ✓ IC02 frozen seed integration > keeps every market independent and All the exact union of current inventory  339ms
   ✓ IC02 frozen seed integration > filters Maya's actual seeded responsibilities by member ID and each waiting condition by key  1228ms
   ✓ IC02 frozen seed integration > declares mature and observing populations for both explicit entry windows  412ms
 ✓ src/data/v2.test.ts (12 tests) 2122ms
   ✓ V2 synthetic records and repository > SD06 derives varied Overview and Funnel trends from canonical records  822ms
   ✓ V2 synthetic records and repository > D05 rejects broken outcome references, double acceptance, overlap, and invalid intervals  536ms
   ✓ V2 synthetic records and repository > D06 applies cumulative checkpoints once and keeps dependent records ordered  401ms
 ✓ src/data/v2Interview.test.ts (19 tests) 2674ms
   ✓ IC07 durable injected repository > retains revision, exact note whitespace, commands and scenario clock across reconstruction  425ms
 ✓ src/features/reporters/index.test.tsx (4 tests) 1009ms
   ✓ ReportersScreen > filters work and opens a detail panel with local message preview  457ms
   ✓ ReportersScreen > delegates screening, follow-up, and coaching saves to actions  333ms
 ✓ src/features/markets/index.test.tsx (4 tests) 751ms
   ✓ MarketsScreen > shows five prepared market records with record support and actions  301ms
 ✓ src/features/improvements/index.test.tsx (5 tests) 898ms
   ✓ ImprovementsScreen > shows descriptive limits and requires a rationale before recording a decision  502ms
 ✓ src/integration/v2Overview.test.ts (2 tests) 479ms
   ✓ Overview integration populations > keeps the frozen plan separate from additional current requests and delivered outcomes  323ms
 ✓ src/logic/capacity/index.test.ts (30 tests) 3989ms
   ✓ IC01 scheduling-window prepared facts > reconciles all five markets to the same explicit window under conjunctive filters  907ms
   ✓ IC01 scheduling-window prepared facts > retains LAX 10/6/4 anchors through planning, readiness, acceptance and completed-plan checkpoints  1077ms
   ✓ IC01 scheduling-window prepared facts > preserves a saved goal scope in All and market views, and does not let target edits or unavailability erase readiness  514ms
   ✓ IC01 coordinator review repairs > keeps all Capacity evidence units equal to frozen definitions and uses the M02 numerator for confirmed slots  992ms
 ✓ src/features/programs/index.test.tsx (2 tests) 393ms
 ✓ src/integration/v2CommandTransaction.test.ts (3 tests) 296ms
 ✓ src/features/markets/MarketsV2Screen.test.tsx (1 test) 289ms
 ✓ src/integration/v2Persistence.test.tsx (4 tests) 4374ms
   ✓ V2 browser storage integration > keeps a market selection open to all canonical requests in its scheduling window  1085ms
   ✓ V2 browser storage integration > reloads saved work and the scenario clock on remount, then explicitly restores the seed  2605ms
   ✓ V2 browser storage integration > preserves malformed bytes and unrelated data until explicit namespace reset  518ms
 ✓ src/shell/V2AppShell.test.tsx (4 tests) 363ms
   ✓ V2AppShell > offers five controlled workspaces and preserves the supplied shared filters across navigation  304ms
 ✓ src/features/reporters/network.test.tsx (1 test) 308ms
   ✓ ReportersNetworkScreen > changes the visible grid scope and uses prepared attention and compliance  303ms
 ✓ src/features/recruiting/index.test.tsx (2 tests) 340ms
 ✓ src/logic/recruiting/recruiting.test.ts (29 tests) 65ms
 ✓ src/ui/v2.test.tsx (2 tests) 243ms
 ✓ src/ui/index.test.tsx (2 tests) 229ms
 ✓ src/shell/AppShell.test.tsx (1 test) 241ms
 ✓ src/logic/index.test.ts (6 tests) 29ms
 ✓ src/logic/programs/index.test.ts (12 tests) 43ms
 ✓ src/data/index.test.ts (5 tests) 13ms
 ✓ src/logic/network/index.test.ts (10 tests) 7ms
 ✓ src/logic/team/index.test.ts (5 tests) 11ms
 ✓ src/logic/shared/invariants.test.ts (6 tests) 3ms
 ✓ src/logic/shared/work.test.ts (2 tests) 3ms
 ✓ src/contracts/v2/contracts.test.ts (3 tests) 6ms
 ✓ src/integration/v2Compatibility.test.ts (2 tests) 2ms
 ✓ src/integration/App.test.tsx (8 tests) 9906ms
   ✓ P4 integrated V2 experience > renders all five workspaces, keeps the market across navigation, and retains the synthetic disclosure  1829ms
   ✓ P4 integrated V2 experience > uses the locked Overview composition without restoring the superseded growth-goal panel  789ms
   ✓ P4 integrated V2 experience > keeps planning, readiness, acceptance, and delivery as separate replayable checkpoints  3493ms
   ✓ P4 integrated V2 experience > opens contextual evidence, closes on Escape with focus return, and carries exact context into work  527ms
   ✓ P4 integrated V2 experience > reconciles program membership for LAX, All, and SFO without averaging percentages  457ms
   ✓ P4 integrated V2 experience > persists program commands without manufacturing operational outcomes  1075ms
   ✓ P4 integrated V2 experience > creates canonical Team work from the locked Add work form  674ms
   ✓ P4 integrated V2 experience > persists Programs notes and next steps without changing outcomes  1061ms

 Test Files  30 passed (30)
      Tests  195 passed (195)
   Start at  22:38:30
   Duration  11.78s (transform 1.68s, setup 1.57s, collect 6.50s, tests 32.24s, environment 12.82s, prepare 1.48s)


> reporter-growth@0.1.0 build
> tsc -b && vite build

vite v7.3.6 building client environment for production...
transforming...
✓ 82 modules transformed.
rendering chunks...
computing gzip size...
dist/index.html                   0.53 kB │ gzip:   0.32 kB
dist/assets/index-BhEKzEhF.css   30.39 kB │ gzip:   5.75 kB
dist/assets/index-Br9de0lA.js   453.30 kB │ gzip: 130.60 kB
✓ built in 602ms

> reporter-growth@0.1.0 test:acceptance
> vitest run --config vite.acceptance.config.ts


 RUN  v3.2.7 /private/tmp/steno-p4-coordinator

 ✓ tests/acceptance/reporter-growth.reconciliation.test.ts (4 tests) 444ms
 ✓ tests/acceptance/reporter-growth.integration.test.tsx (5 tests) 3812ms
   ✓ P4 cross-workspace acceptance > XR01-XR08/XR31-XR36 keeps the locked shell, concise hierarchy, and source-backed Overview controls  692ms
   ✓ P4 cross-workspace acceptance > XR09-XR10/XR15-XR18/XR37 exercises Funnel controls, notes, SLA isolation, evidence, and focus return  1003ms
   ✓ P4 cross-workspace acceptance > XR11/XR15/XR17/XR38 preserves market scope and exposes reporter readiness, compliance, and bounded follow-up  610ms
   ✓ P4 cross-workspace acceptance > XR12/XR17/XR39 creates Team work through the real form and retains the required board semantics  669ms
   ✓ P4 cross-workspace acceptance > XR13/XR15-XR18/XR40 keeps Programs results, filters, target-met evidence, and text persistence source-safe  838ms

 Test Files  2 passed (2)
      Tests  9 passed (9)
   Start at  22:38:45
   Duration  4.53s (transform 262ms, setup 72ms, collect 436ms, tests 4.26s, environment 482ms, prepare 83ms)


> reporter-growth@0.1.0 test:e2e
> npm run build && playwright test --config=playwright.config.mjs


> reporter-growth@0.1.0 build
> tsc -b && vite build

vite v7.3.6 building client environment for production...
transforming...
✓ 82 modules transformed.
rendering chunks...
computing gzip size...
dist/index.html                   0.53 kB │ gzip:   0.32 kB
dist/assets/index-BhEKzEhF.css   30.39 kB │ gzip:   5.75 kB
dist/assets/index-Br9de0lA.js   453.30 kB │ gzip: 130.60 kB
✓ built in 594ms

Running 8 tests using 2 workers

(node:25490) Warning: The 'NO_COLOR' env is ignored due to the 'FORCE_COLOR' env being set.
(Use `node --trace-warnings ...` to show where the warning was created)
(node:25491) Warning: The 'NO_COLOR' env is ignored due to the 'FORCE_COLOR' env being set.
(Use `node --trace-warnings ...` to show where the warning was created)
  ✓  1 [mobile] › tests/e2e/reporter-growth.browser.spec.ts:27:3 › P4 browser acceptance › XR01-XR08/XR22 keeps every workspace reachable without page overflow at the active viewport (937ms)
  ✓  2 [desktop] › tests/e2e/reporter-growth.browser.spec.ts:27:3 › P4 browser acceptance › XR01-XR08/XR22 keeps every workspace reachable without page overflow at the active viewport (936ms)
  ✓  3 [desktop] › tests/e2e/reporter-growth.browser.spec.ts:39:3 › P4 browser acceptance › XR09-XR10/XR15/XR37 changes Funnel range, status, filters, and a market-specific SLA without lifecycle leakage (847ms)
  ✓  4 [mobile] › tests/e2e/reporter-growth.browser.spec.ts:39:3 › P4 browser acceptance › XR09-XR10/XR15/XR37 changes Funnel range, status, filters, and a market-specific SLA without lifecycle leakage (863ms)
  ✓  5 [desktop] › tests/e2e/reporter-growth.browser.spec.ts:63:3 › P4 browser acceptance › XR16/XR19-XR25 keeps the evidence drawer keyboard-operable and full-screen at 390px (484ms)
  ✓  6 [mobile] › tests/e2e/reporter-growth.browser.spec.ts:63:3 › P4 browser acceptance › XR16/XR19-XR25 keeps the evidence drawer keyboard-operable and full-screen at 390px (501ms)
  ✓  7 [desktop] › tests/e2e/reporter-growth.browser.spec.ts:81:3 › P4 browser acceptance › XR11-XR13/XR17/XR38-XR40 performs reporter, Team, and Programs working actions (1.1s)
  ✓  8 [mobile] › tests/e2e/reporter-growth.browser.spec.ts:81:3 › P4 browser acceptance › XR11-XR13/XR17/XR38-XR40 performs reporter, Team, and Programs working actions (1.1s)

  8 passed (4.2s)
