
> reporter-growth@0.1.0 verify:p4
> npm run verify:p4:governance && npm run check && npm run test:acceptance && npm run test:e2e


> reporter-growth@0.1.0 verify:p4:governance
> node scripts/verify-p4-readiness.mjs && node scripts/verify-p4-phase-gate.mjs

P4 readiness verification passed (203 checks).
P4 interview phase verification passed for IP1_serial_data_logic; worker dispatch is checked separately.

> reporter-growth@0.1.0 check
> npm run lint && npm run typecheck && npm run test && npm run build


> reporter-growth@0.1.0 lint
> eslint . --max-warnings=0


> reporter-growth@0.1.0 typecheck
> tsc -b --pretty false


> reporter-growth@0.1.0 test
> vitest run


 RUN  v3.2.7 /private/tmp/steno-p4-coordinator

 ✓ src/logic/capacity/index.test.ts (13 tests) 42ms
 ✓ src/features/reporters/index.test.tsx (4 tests) 1259ms
   ✓ ReportersScreen > filters work and opens a detail panel with local message preview  642ms
   ✓ ReportersScreen > delegates screening, follow-up, and coaching saves to actions  365ms
 ✓ src/integration/p2RecordsAndCalculations.test.ts (6 tests) 1405ms
   ✓ P2 source → calculation → EvidenceBundle reconciliation > derives every frozen LAX capacity checkpoint from cumulative source events  1158ms
 ✓ src/features/improvements/index.test.tsx (5 tests) 1007ms
   ✓ ImprovementsScreen > shows descriptive limits and requires a rationale before recording a decision  550ms
 ✓ src/data/v2.test.ts (12 tests) 2323ms
   ✓ V2 synthetic records and repository > SD06 derives varied Overview and Funnel trends from canonical records  1142ms
   ✓ V2 synthetic records and repository > D05 rejects broken outcome references, double acceptance, overlap, and invalid intervals  446ms
   ✓ V2 synthetic records and repository > D06 applies cumulative checkpoints once and keeps dependent records ordered  369ms
 ✓ src/features/markets/MarketsV2Screen.test.tsx (1 test) 281ms
 ✓ src/data/v2Interview.test.ts (19 tests) 2700ms
   ✓ IC07 durable injected repository > retains revision, exact note whitespace, commands and scenario clock across reconstruction  529ms
   ✓ IC07 durable injected repository > rejects cross-instance stale saves and permits a fresh reload  311ms
 ✓ src/features/recruiting/index.test.tsx (2 tests) 294ms
 ✓ src/features/markets/index.test.tsx (4 tests) 808ms
   ✓ MarketsScreen > shows five prepared market records with record support and actions  348ms
 ✓ src/features/programs/index.test.tsx (2 tests) 400ms
 ✓ src/shell/V2AppShell.test.tsx (4 tests) 378ms
   ✓ V2AppShell > offers five controlled workspaces and preserves the supplied shared filters across navigation  313ms
 ✓ src/shell/AppShell.test.tsx (1 test) 235ms
 ✓ src/features/reporters/network.test.tsx (1 test) 223ms
 ✓ src/integration/v2CommandTransaction.test.ts (3 tests) 301ms
 ✓ src/ui/index.test.tsx (2 tests) 158ms
 ✓ src/ui/v2.test.tsx (2 tests) 240ms
 ✓ src/data/index.test.ts (5 tests) 15ms
 ✓ src/logic/programs/index.test.ts (12 tests) 29ms
 ✓ src/logic/index.test.ts (6 tests) 38ms
 ✓ src/logic/recruiting/recruiting.test.ts (16 tests) 15ms
 ✓ src/logic/team/index.test.ts (5 tests) 5ms
 ✓ src/logic/network/index.test.ts (10 tests) 8ms
 ✓ src/logic/shared/invariants.test.ts (5 tests) 5ms
 ✓ src/integration/v2Persistence.test.tsx (4 tests) 4867ms
   ✓ V2 browser storage integration > keeps a market selection open to all canonical requests in its scheduling window  1345ms
   ✓ V2 browser storage integration > reloads saved work and the scenario clock on remount, then explicitly restores the seed  2984ms
   ✓ V2 browser storage integration > preserves malformed bytes and unrelated data until explicit namespace reset  436ms
 ✓ src/integration/v2Compatibility.test.ts (2 tests) 1ms
 ✓ src/contracts/v2/contracts.test.ts (3 tests) 2ms
 ✓ src/integration/App.test.tsx (8 tests) 9457ms
   ✓ P4 integrated V2 experience > renders all five workspaces, keeps the market across navigation, and retains the synthetic disclosure  1750ms
   ✓ P4 integrated V2 experience > uses the locked Overview composition without restoring the superseded growth-goal panel  885ms
   ✓ P4 integrated V2 experience > keeps planning, readiness, acceptance, and delivery as separate replayable checkpoints  2963ms
   ✓ P4 integrated V2 experience > opens contextual evidence, closes on Escape with focus return, and carries exact context into work  546ms
   ✓ P4 integrated V2 experience > reconciles program membership for LAX, All, and SFO without averaging percentages  472ms
   ✓ P4 integrated V2 experience > persists program commands without manufacturing operational outcomes  1126ms
   ✓ P4 integrated V2 experience > creates canonical Team work from the locked Add work form  673ms
   ✓ P4 integrated V2 experience > persists Programs notes and next steps without changing outcomes  1041ms

 Test Files  27 passed (27)
      Tests  157 passed (157)
   Start at  21:56:30
   Duration  10.91s (transform 1.13s, setup 1.33s, collect 4.15s, tests 26.50s, environment 10.94s, prepare 1.44s)


> reporter-growth@0.1.0 build
> tsc -b && vite build

vite v7.3.6 building client environment for production...
transforming...
✓ 76 modules transformed.
rendering chunks...
computing gzip size...
dist/index.html                   0.53 kB │ gzip:   0.33 kB
dist/assets/index-BhEKzEhF.css   30.39 kB │ gzip:   5.75 kB
dist/assets/index-CkbyZGQD.js   439.55 kB │ gzip: 126.61 kB
✓ built in 575ms

> reporter-growth@0.1.0 test:acceptance
> vitest run --config vite.acceptance.config.ts


 RUN  v3.2.7 /private/tmp/steno-p4-coordinator

 ✓ tests/acceptance/reporter-growth.reconciliation.test.ts (4 tests) 502ms
 ✓ tests/acceptance/reporter-growth.integration.test.tsx (5 tests) 3867ms
   ✓ P4 cross-workspace acceptance > XR01-XR08/XR31-XR36 keeps the locked shell, concise hierarchy, and source-backed Overview controls  724ms
   ✓ P4 cross-workspace acceptance > XR09-XR10/XR15-XR18/XR37 exercises Funnel controls, notes, SLA isolation, evidence, and focus return  1061ms
   ✓ P4 cross-workspace acceptance > XR11/XR15/XR17/XR38 preserves market scope and exposes reporter readiness, compliance, and bounded follow-up  604ms
   ✓ P4 cross-workspace acceptance > XR12/XR17/XR39 creates Team work through the real form and retains the required board semantics  669ms
   ✓ P4 cross-workspace acceptance > XR13/XR15-XR18/XR40 keeps Programs results, filters, target-met evidence, and text persistence source-safe  809ms

 Test Files  2 passed (2)
      Tests  9 passed (9)
   Start at  21:56:44
   Duration  4.50s (transform 236ms, setup 66ms, collect 390ms, tests 4.37s, environment 436ms, prepare 67ms)


> reporter-growth@0.1.0 test:e2e
> npm run build && playwright test --config=playwright.config.mjs


> reporter-growth@0.1.0 build
> tsc -b && vite build

vite v7.3.6 building client environment for production...
transforming...
✓ 76 modules transformed.
rendering chunks...
computing gzip size...
dist/index.html                   0.53 kB │ gzip:   0.33 kB
dist/assets/index-BhEKzEhF.css   30.39 kB │ gzip:   5.75 kB
dist/assets/index-CkbyZGQD.js   439.55 kB │ gzip: 126.61 kB
✓ built in 564ms

Running 8 tests using 2 workers

(node:99360) Warning: The 'NO_COLOR' env is ignored due to the 'FORCE_COLOR' env being set.
(Use `node --trace-warnings ...` to show where the warning was created)
(node:99359) Warning: The 'NO_COLOR' env is ignored due to the 'FORCE_COLOR' env being set.
(Use `node --trace-warnings ...` to show where the warning was created)
  ✓  1 [desktop] › tests/e2e/reporter-growth.browser.spec.ts:27:3 › P4 browser acceptance › XR01-XR08/XR22 keeps every workspace reachable without page overflow at the active viewport (990ms)
  ✓  2 [mobile] › tests/e2e/reporter-growth.browser.spec.ts:27:3 › P4 browser acceptance › XR01-XR08/XR22 keeps every workspace reachable without page overflow at the active viewport (950ms)
  ✓  3 [desktop] › tests/e2e/reporter-growth.browser.spec.ts:39:3 › P4 browser acceptance › XR09-XR10/XR15/XR37 changes Funnel range, status, filters, and a market-specific SLA without lifecycle leakage (891ms)
  ✓  4 [mobile] › tests/e2e/reporter-growth.browser.spec.ts:39:3 › P4 browser acceptance › XR09-XR10/XR15/XR37 changes Funnel range, status, filters, and a market-specific SLA without lifecycle leakage (908ms)
  ✓  5 [desktop] › tests/e2e/reporter-growth.browser.spec.ts:63:3 › P4 browser acceptance › XR16/XR19-XR25 keeps the evidence drawer keyboard-operable and full-screen at 390px (515ms)
  ✓  6 [mobile] › tests/e2e/reporter-growth.browser.spec.ts:63:3 › P4 browser acceptance › XR16/XR19-XR25 keeps the evidence drawer keyboard-operable and full-screen at 390px (542ms)
  ✓  7 [desktop] › tests/e2e/reporter-growth.browser.spec.ts:81:3 › P4 browser acceptance › XR11-XR13/XR17/XR38-XR40 performs reporter, Team, and Programs working actions (1.2s)
  ✓  8 [mobile] › tests/e2e/reporter-growth.browser.spec.ts:81:3 › P4 browser acceptance › XR11-XR13/XR17/XR38-XR40 performs reporter, Team, and Programs working actions (1.2s)

  8 passed (4.6s)
