
> reporter-growth@0.1.0 verify:p4
> npm run verify:p4:governance && npm run check && npm run test:acceptance && npm run test:e2e


> reporter-growth@0.1.0 verify:p4:governance
> node scripts/verify-p4-readiness.mjs && node scripts/verify-p4-phase-gate.mjs

P4 readiness verification passed (203 checks).
P4 interview phase verification passed for IP1_serial_data_logic; worker dispatch is checked separately.

> reporter-growth@0.1.0 check
> npm run lint && npm run typecheck && npm run test && npm run build


> reporter-growth@0.1.0 lint
> eslint . --max-warnings=0


> reporter-growth@0.1.0 typecheck
> tsc -b --pretty false


> reporter-growth@0.1.0 test
> vitest run --maxWorkers=2


 RUN  v3.2.7 /private/tmp/steno-p4-coordinator

 ✓ src/integration/v2ActionPorts.test.tsx (4 tests) 5091ms
   ✓ coordinator interview action ports > acknowledges the exact entered availability after storage, using the current synthetic actor and time  1446ms
   ✓ coordinator interview action ports > opens one follow-up task and retains its identity after an edit and repeated request  1364ms
   ✓ coordinator interview action ports > rejects denied storage without acknowledging a command or replacing the loaded state  749ms
   ✓ coordinator interview action ports > persists entered decision accountability and requested Team work in one revision before copying a real process  1531ms
 ✓ src/integration/v2Persistence.test.tsx (5 tests) 6671ms
   ✓ V2 browser storage integration > opens a reporter's exact recruiting market instead of reusing the service-market filter  1541ms
   ✓ V2 browser storage integration > keeps a market selection open to all canonical requests in its scheduling window  1051ms
   ✓ V2 browser storage integration > reloads saved work and the scenario clock on remount, then explicitly restores the seed  3305ms
   ✓ V2 browser storage integration > preserves malformed bytes and unrelated data until explicit namespace reset  711ms
 ✓ src/integration/App.test.tsx (8 tests) 14872ms
   ✓ P4 integrated V2 experience > renders all five workspaces, keeps the market across navigation, and retains the synthetic disclosure  1717ms
   ✓ P4 integrated V2 experience > uses the locked Overview composition without restoring the superseded growth-goal panel  1048ms
   ✓ P4 integrated V2 experience > keeps planning, readiness, acceptance, and delivery as separate replayable checkpoints  4296ms
   ✓ P4 integrated V2 experience > opens contextual evidence, closes on Escape with focus return, and carries exact context into work  1274ms
   ✓ P4 integrated V2 experience > reconciles program membership for LAX, All, and SFO without averaging percentages  1109ms
   ✓ P4 integrated V2 experience > persists program commands without manufacturing operational outcomes  2225ms
   ✓ P4 integrated V2 experience > creates canonical Team work from the locked Add work form  1289ms
   ✓ P4 integrated V2 experience > persists Programs notes and next steps without changing outcomes  1914ms
 ✓ src/logic/team/interview.test.ts (24 tests) 2684ms
   ✓ IC03 pure Team commands > keeps Blocked orthogonal to Todo/In progress, including initially blocked work and clearing  320ms
 ✓ src/logic/programs/interview.test.ts (25 tests) 1263ms
 ✓ src/data/v2Interview.test.ts (31 tests) 2209ms
 ✓ src/logic/capacity/index.test.ts (30 tests) 2196ms
   ✓ IC01 scheduling-window prepared facts > reconciles all five markets to the same explicit window under conjunctive filters  443ms
   ✓ IC01 scheduling-window prepared facts > retains LAX 10/6/4 anchors through planning, readiness, acceptance and completed-plan checkpoints  513ms
   ✓ IC01 coordinator review repairs > keeps all Capacity evidence units equal to frozen definitions and uses the M02 numerator for confirmed slots  679ms
 ✓ src/integration/v2RecruitingControls.test.tsx (2 tests) 2572ms
   ✓ coordinator Funnel control wiring > prepares explicit January and February cohorts without redefining the people inventory  1141ms
   ✓ coordinator Funnel control wiring > applies stable owner IDs and restores them after an exact external record drill-down  1430ms
 ✓ src/integration/v2WeeklyReview.test.ts (8 tests) 1222ms
   ✓ complete operating review > retains separate cohort metrics, compatible goals and the actual next review date  334ms
 ✓ src/logic/recruiting/recruiting.seed.test.ts (3 tests) 1074ms
   ✓ IC02 frozen seed integration > filters Maya's actual seeded responsibilities by member ID and each waiting condition by key  694ms
 ✓ src/data/v2.test.ts (12 tests) 1104ms
   ✓ V2 synthetic records and repository > SD06 derives varied Overview and Funnel trends from canonical records  408ms
 ✓ src/integration/p2RecordsAndCalculations.test.ts (6 tests) 797ms
   ✓ P2 source → calculation → EvidenceBundle reconciliation > derives every frozen LAX capacity checkpoint from cumulative source events  485ms
 ✓ src/features/reporters/index.test.tsx (4 tests) 565ms
 ✓ src/features/improvements/index.test.tsx (5 tests) 468ms
 ✓ src/features/markets/index.test.tsx (4 tests) 393ms
 ✓ src/integration/v2Overview.test.ts (2 tests) 271ms
 ✓ src/logic/network/index.test.ts (41 tests) 276ms
 ✓ src/integration/v2NetworkComposition.test.ts (3 tests) 281ms
 ✓ src/features/programs/index.test.tsx (2 tests) 198ms
 ✓ src/shell/V2AppShell.test.tsx (4 tests) 191ms
 ✓ src/integration/v2CommandTransaction.test.ts (3 tests) 161ms
 ✓ src/ui/v2.test.tsx (2 tests) 124ms
 ✓ src/features/recruiting/index.test.tsx (2 tests) 138ms
 ✓ src/integration/v2ProgramComposition.test.ts (2 tests) 112ms
 ✓ src/features/reporters/network.test.tsx (1 test) 129ms
 ✓ src/features/markets/MarketsV2Screen.test.tsx (1 test) 143ms
 ✓ src/shell/AppShell.test.tsx (1 test) 151ms
 ✓ src/ui/index.test.tsx (2 tests) 144ms
 ✓ src/logic/recruiting/recruiting.test.ts (29 tests) 26ms
 ✓ src/logic/programs/index.test.ts (12 tests) 72ms
 ✓ src/logic/index.test.ts (6 tests) 20ms
 ✓ src/data/index.test.ts (5 tests) 10ms
 ✓ src/logic/shared/invariants.test.ts (6 tests) 3ms
 ✓ src/logic/team/index.test.ts (5 tests) 8ms
 ✓ src/contracts/v2/contracts.test.ts (3 tests) 2ms
 ✓ src/logic/shared/work.test.ts (2 tests) 2ms
 ✓ src/integration/v2Compatibility.test.ts (2 tests) 1ms

 Test Files  37 passed (37)
      Tests  307 passed (307)
   Start at  00:23:09
   Duration  31.07s (transform 641ms, setup 899ms, collect 2.35s, tests 45.65s, environment 8.38s, prepare 1.13s)


> reporter-growth@0.1.0 build
> tsc -b && vite build

vite v7.3.6 building client environment for production...
transforming...
✓ 97 modules transformed.
rendering chunks...
computing gzip size...
dist/index.html                   0.53 kB │ gzip:   0.33 kB
dist/assets/index-BhEKzEhF.css   30.39 kB │ gzip:   5.75 kB
dist/assets/index-BbPajR7m.js   530.95 kB │ gzip: 152.31 kB

(!) Some chunks are larger than 500 kB after minification. Consider:
- Using dynamic import() to code-split the application
- Use build.rollupOptions.output.manualChunks to improve chunking: https://rollupjs.org/configuration-options/#output-manualchunks
- Adjust chunk size limit for this warning via build.chunkSizeWarningLimit.
✓ built in 657ms

> reporter-growth@0.1.0 test:acceptance
> vitest run --config vite.acceptance.config.ts


 RUN  v3.2.7 /private/tmp/steno-p4-coordinator

 ✓ tests/acceptance/reporter-growth.reconciliation.test.ts (4 tests) 809ms
   ✓ independent source-record reconciliation > keeps possible versus accepted, shared candidates, unknown requirements, and readiness without acceptance distinct  412ms
 ✓ tests/acceptance/reporter-growth.integration.test.tsx (5 tests) 7297ms
   ✓ P4 cross-workspace acceptance > XR01-XR08/XR31-XR36 keeps the locked shell, concise hierarchy, and source-backed Overview controls  1721ms
   ✓ P4 cross-workspace acceptance > XR09-XR10/XR15-XR18/XR37 exercises Funnel controls, notes, SLA isolation, evidence, and focus return  1437ms
   ✓ P4 cross-workspace acceptance > XR11/XR15/XR17/XR38 preserves market scope and exposes reporter readiness, compliance, and bounded follow-up  1141ms
   ✓ P4 cross-workspace acceptance > XR12/XR17/XR39 creates Team work through the real form and retains the required board semantics  1230ms
   ✓ P4 cross-workspace acceptance > XR13/XR15-XR18/XR40 keeps Programs results, filters, target-met evidence, and text persistence source-safe  1766ms

 Test Files  2 passed (2)
      Tests  9 passed (9)
   Start at  00:23:43
   Duration  8.05s (transform 303ms, setup 67ms, collect 566ms, tests 8.11s, environment 461ms, prepare 83ms)


> reporter-growth@0.1.0 test:e2e
> npm run build && playwright test --config=playwright.config.mjs


> reporter-growth@0.1.0 build
> tsc -b && vite build

vite v7.3.6 building client environment for production...
transforming...
✓ 97 modules transformed.
rendering chunks...
computing gzip size...
dist/index.html                   0.53 kB │ gzip:   0.33 kB
dist/assets/index-BhEKzEhF.css   30.39 kB │ gzip:   5.75 kB
dist/assets/index-BbPajR7m.js   530.95 kB │ gzip: 152.31 kB

(!) Some chunks are larger than 500 kB after minification. Consider:
- Using dynamic import() to code-split the application
- Use build.rollupOptions.output.manualChunks to improve chunking: https://rollupjs.org/configuration-options/#output-manualchunks
- Adjust chunk size limit for this warning via build.chunkSizeWarningLimit.
✓ built in 643ms

Running 8 tests using 2 workers

(node:72073) Warning: The 'NO_COLOR' env is ignored due to the 'FORCE_COLOR' env being set.
(Use `node --trace-warnings ...` to show where the warning was created)
(node:72074) Warning: The 'NO_COLOR' env is ignored due to the 'FORCE_COLOR' env being set.
(Use `node --trace-warnings ...` to show where the warning was created)
  ✓  2 [desktop] › tests/e2e/reporter-growth.browser.spec.ts:27:3 › P4 browser acceptance › XR01-XR08/XR22 keeps every workspace reachable without page overflow at the active viewport (1.3s)
  ✓  1 [mobile] › tests/e2e/reporter-growth.browser.spec.ts:27:3 › P4 browser acceptance › XR01-XR08/XR22 keeps every workspace reachable without page overflow at the active viewport (1.3s)
  ✓  4 [mobile] › tests/e2e/reporter-growth.browser.spec.ts:39:3 › P4 browser acceptance › XR09-XR10/XR15/XR37 changes Funnel range, status, filters, and a market-specific SLA without lifecycle leakage (1.2s)
  ✓  3 [desktop] › tests/e2e/reporter-growth.browser.spec.ts:39:3 › P4 browser acceptance › XR09-XR10/XR15/XR37 changes Funnel range, status, filters, and a market-specific SLA without lifecycle leakage (1.3s)
  ✓  6 [desktop] › tests/e2e/reporter-growth.browser.spec.ts:63:3 › P4 browser acceptance › XR16/XR19-XR25 keeps the evidence drawer keyboard-operable and full-screen at 390px (828ms)
  ✓  5 [mobile] › tests/e2e/reporter-growth.browser.spec.ts:63:3 › P4 browser acceptance › XR16/XR19-XR25 keeps the evidence drawer keyboard-operable and full-screen at 390px (842ms)
  ✓  8 [mobile] › tests/e2e/reporter-growth.browser.spec.ts:81:3 › P4 browser acceptance › XR11-XR13/XR17/XR38-XR40 performs reporter, Team, and Programs working actions (1.9s)
  ✓  7 [desktop] › tests/e2e/reporter-growth.browser.spec.ts:81:3 › P4 browser acceptance › XR11-XR13/XR17/XR38-XR40 performs reporter, Team, and Programs working actions (1.9s)

  8 passed (6.4s)
