
> reporter-growth@0.1.0 verify:p4
> npm run verify:p4:governance && npm run check && npm run test:acceptance && npm run test:e2e


> reporter-growth@0.1.0 verify:p4:governance
> node scripts/verify-p4-readiness.mjs && node scripts/verify-p4-phase-gate.mjs

P4 readiness verification passed (203 checks).
P4 interview phase verification passed for IP1_serial_data_logic; worker dispatch is checked separately.

> reporter-growth@0.1.0 check
> npm run lint && npm run typecheck && npm run test && npm run build


> reporter-growth@0.1.0 lint
> eslint . --max-warnings=0


> reporter-growth@0.1.0 typecheck
> tsc -b --pretty false


> reporter-growth@0.1.0 test
> vitest run


 RUN  v3.2.7 /private/tmp/steno-p4-coordinator

 ✓ src/features/reporters/index.test.tsx (4 tests) 1513ms
   ✓ ReportersScreen > filters work and opens a detail panel with local message preview  837ms
   ✓ ReportersScreen > delegates screening, follow-up, and coaching saves to actions  411ms
 ✓ src/integration/p2RecordsAndCalculations.test.ts (6 tests) 1619ms
   ✓ P2 source → calculation → EvidenceBundle reconciliation > derives every frozen LAX capacity checkpoint from cumulative source events  1174ms
 ✓ src/data/v2.test.ts (12 tests) 2863ms
   ✓ V2 synthetic records and repository > SD06 derives varied Overview and Funnel trends from canonical records  1262ms
   ✓ V2 synthetic records and repository > D05 rejects broken outcome references, double acceptance, overlap, and invalid intervals  628ms
   ✓ V2 synthetic records and repository > D06 applies cumulative checkpoints once and keeps dependent records ordered  520ms
 ✓ src/data/v2Interview.test.ts (19 tests) 3264ms
   ✓ IC07 durable injected repository > retains revision, exact note whitespace, commands and scenario clock across reconstruction  528ms
   ✓ IC07 durable injected repository > rejects cross-instance stale saves and permits a fresh reload  330ms
   ✓ IC07 durable injected repository > surfaces read and write failures without acknowledging or losing the prior saved state  337ms
 ✓ src/features/markets/index.test.tsx (4 tests) 769ms
   ✓ MarketsScreen > shows five prepared market records with record support and actions  328ms
 ✓ src/features/improvements/index.test.tsx (5 tests) 941ms
   ✓ ImprovementsScreen > shows descriptive limits and requires a rationale before recording a decision  520ms
 ✓ src/shell/V2AppShell.test.tsx (4 tests) 333ms
 ✓ src/features/programs/index.test.tsx (2 tests) 344ms
 ✓ src/integration/v2CommandTransaction.test.ts (3 tests) 287ms
 ✓ src/logic/capacity/index.test.ts (30 tests) 4511ms
   ✓ IC01 scheduling-window prepared facts > reconciles all five markets to the same explicit window under conjunctive filters  1111ms
   ✓ IC01 scheduling-window prepared facts > retains LAX 10/6/4 anchors through planning, readiness, acceptance and completed-plan checkpoints  1370ms
   ✓ IC01 scheduling-window prepared facts > preserves a saved goal scope in All and market views, and does not let target edits or unavailability erase readiness  593ms
   ✓ IC01 coordinator review repairs > keeps all Capacity evidence units equal to frozen definitions and uses the M02 numerator for confirmed slots  940ms
 ✓ src/features/reporters/network.test.tsx (1 test) 268ms
 ✓ src/integration/v2Overview.test.ts (2 tests) 548ms
   ✓ Overview integration populations > keeps the frozen plan separate from additional current requests and delivered outcomes  372ms
 ✓ src/features/recruiting/index.test.tsx (2 tests) 252ms
 ✓ src/features/markets/MarketsV2Screen.test.tsx (1 test) 268ms
 ✓ src/ui/v2.test.tsx (2 tests) 309ms
 ✓ src/shell/AppShell.test.tsx (1 test) 264ms
 ✓ src/integration/v2Persistence.test.tsx (4 tests) 5438ms
   ✓ V2 browser storage integration > keeps a market selection open to all canonical requests in its scheduling window  1636ms
   ✓ V2 browser storage integration > reloads saved work and the scenario clock on remount, then explicitly restores the seed  3027ms
   ✓ V2 browser storage integration > preserves malformed bytes and unrelated data until explicit namespace reset  638ms
 ✓ src/logic/programs/index.test.ts (12 tests) 49ms
 ✓ src/ui/index.test.tsx (2 tests) 199ms
 ✓ src/logic/index.test.ts (6 tests) 26ms
 ✓ src/logic/recruiting/recruiting.test.ts (16 tests) 18ms
 ✓ src/logic/shared/invariants.test.ts (6 tests) 3ms
 ✓ src/data/index.test.ts (5 tests) 16ms
 ✓ src/logic/team/index.test.ts (5 tests) 5ms
 ✓ src/logic/network/index.test.ts (10 tests) 6ms
 ✓ src/contracts/v2/contracts.test.ts (3 tests) 3ms
 ✓ src/integration/v2Compatibility.test.ts (2 tests) 2ms
 ✓ src/integration/App.test.tsx (8 tests) 10689ms
   ✓ P4 integrated V2 experience > renders all five workspaces, keeps the market across navigation, and retains the synthetic disclosure  2396ms
   ✓ P4 integrated V2 experience > uses the locked Overview composition without restoring the superseded growth-goal panel  833ms
   ✓ P4 integrated V2 experience > keeps planning, readiness, acceptance, and delivery as separate replayable checkpoints  3327ms
   ✓ P4 integrated V2 experience > opens contextual evidence, closes on Escape with focus return, and carries exact context into work  549ms
   ✓ P4 integrated V2 experience > reconciles program membership for LAX, All, and SFO without averaging percentages  481ms
   ✓ P4 integrated V2 experience > persists program commands without manufacturing operational outcomes  1243ms
   ✓ P4 integrated V2 experience > creates canonical Team work from the locked Add work form  683ms
   ✓ P4 integrated V2 experience > persists Programs notes and next steps without changing outcomes  1171ms

 Test Files  28 passed (28)
      Tests  177 passed (177)
   Start at  22:13:53
   Duration  12.34s (transform 1.37s, setup 1.77s, collect 4.71s, tests 34.81s, environment 12.30s, prepare 1.59s)


> reporter-growth@0.1.0 build
> tsc -b && vite build

vite v7.3.6 building client environment for production...
transforming...
✓ 77 modules transformed.
rendering chunks...
computing gzip size...
dist/index.html                   0.53 kB │ gzip:   0.33 kB
dist/assets/index-BhEKzEhF.css   30.39 kB │ gzip:   5.75 kB
dist/assets/index-B1HmwS4y.js   445.10 kB │ gzip: 128.38 kB
✓ built in 830ms

> reporter-growth@0.1.0 test:acceptance
> vitest run --config vite.acceptance.config.ts


 RUN  v3.2.7 /private/tmp/steno-p4-coordinator

 ✓ tests/acceptance/reporter-growth.reconciliation.test.ts (4 tests) 612ms
 ✓ tests/acceptance/reporter-growth.integration.test.tsx (5 tests) 4324ms
   ✓ P4 cross-workspace acceptance > XR01-XR08/XR31-XR36 keeps the locked shell, concise hierarchy, and source-backed Overview controls  894ms
   ✓ P4 cross-workspace acceptance > XR09-XR10/XR15-XR18/XR37 exercises Funnel controls, notes, SLA isolation, evidence, and focus return  1225ms
   ✓ P4 cross-workspace acceptance > XR11/XR15/XR17/XR38 preserves market scope and exposes reporter readiness, compliance, and bounded follow-up  653ms
   ✓ P4 cross-workspace acceptance > XR12/XR17/XR39 creates Team work through the real form and retains the required board semantics  688ms
   ✓ P4 cross-workspace acceptance > XR13/XR15-XR18/XR40 keeps Programs results, filters, target-met evidence, and text persistence source-safe  863ms

 Test Files  2 passed (2)
      Tests  9 passed (9)
   Start at  22:14:09
   Duration  5.18s (transform 302ms, setup 81ms, collect 534ms, tests 4.94s, environment 551ms, prepare 101ms)


> reporter-growth@0.1.0 test:e2e
> npm run build && playwright test --config=playwright.config.mjs


> reporter-growth@0.1.0 build
> tsc -b && vite build

vite v7.3.6 building client environment for production...
transforming...
✓ 77 modules transformed.
rendering chunks...
computing gzip size...
dist/index.html                   0.53 kB │ gzip:   0.33 kB
dist/assets/index-BhEKzEhF.css   30.39 kB │ gzip:   5.75 kB
dist/assets/index-B1HmwS4y.js   445.10 kB │ gzip: 128.38 kB
✓ built in 650ms

Running 8 tests using 2 workers

(node:12968) Warning: The 'NO_COLOR' env is ignored due to the 'FORCE_COLOR' env being set.
(Use `node --trace-warnings ...` to show where the warning was created)
(node:12967) Warning: The 'NO_COLOR' env is ignored due to the 'FORCE_COLOR' env being set.
(Use `node --trace-warnings ...` to show where the warning was created)
  ✓  1 [desktop] › tests/e2e/reporter-growth.browser.spec.ts:27:3 › P4 browser acceptance › XR01-XR08/XR22 keeps every workspace reachable without page overflow at the active viewport (1.0s)
  ✓  2 [mobile] › tests/e2e/reporter-growth.browser.spec.ts:27:3 › P4 browser acceptance › XR01-XR08/XR22 keeps every workspace reachable without page overflow at the active viewport (1.0s)
  ✓  4 [mobile] › tests/e2e/reporter-growth.browser.spec.ts:39:3 › P4 browser acceptance › XR09-XR10/XR15/XR37 changes Funnel range, status, filters, and a market-specific SLA without lifecycle leakage (1.1s)
  ✓  3 [desktop] › tests/e2e/reporter-growth.browser.spec.ts:39:3 › P4 browser acceptance › XR09-XR10/XR15/XR37 changes Funnel range, status, filters, and a market-specific SLA without lifecycle leakage (1.1s)
  ✓  6 [desktop] › tests/e2e/reporter-growth.browser.spec.ts:63:3 › P4 browser acceptance › XR16/XR19-XR25 keeps the evidence drawer keyboard-operable and full-screen at 390px (569ms)
  ✓  5 [mobile] › tests/e2e/reporter-growth.browser.spec.ts:63:3 › P4 browser acceptance › XR16/XR19-XR25 keeps the evidence drawer keyboard-operable and full-screen at 390px (599ms)
  ✓  7 [desktop] › tests/e2e/reporter-growth.browser.spec.ts:81:3 › P4 browser acceptance › XR11-XR13/XR17/XR38-XR40 performs reporter, Team, and Programs working actions (1.4s)
  ✓  8 [mobile] › tests/e2e/reporter-growth.browser.spec.ts:81:3 › P4 browser acceptance › XR11-XR13/XR17/XR38-XR40 performs reporter, Team, and Programs working actions (1.5s)

  8 passed (5.3s)
